[2m2026-09-20T17:53:41.018368Z[0m [33m WARN[0m [2mwinit::platform_impl::linux::x11::xdisplay[0m[2m:[0m error setting XSETTINGS; Xft options won't reload automatically
[2m2026-09-20T17:53:41.106164Z[0m [33m WARN[0m [2mwinit::platform_impl::linux::x11::util::randr[0m[2m:[0m XRandR reported that the display's 0mm in size, which is certifiably insane
[2m2026-09-20T17:53:43.336734Z[0m [32m INFO[0m [2mruffle_desktop::gui::controller[0m[2m:[0m Using preferred backend Vulkan
[2m2026-09-20T17:53:44.255676Z[0m [32m INFO[0m [2mruffle_desktop::gui::controller[0m[2m:[0m Using graphics API vulkan on llvmpipe (LLVM 20.1.2, 256 bits) (type: Cpu)
[2m2026-09-20T17:53:44.255878Z[0m [32m INFO[0m [2mruffle_desktop::gui::controller[0m[2m:[0m Using surface format Bgra8Unorm
[2m2026-09-20T17:53:44.274341Z[0m [33m WARN[0m [2mruffle_desktop::gui::theme[0m[2m:[0m Failed to instantiate FreedesktopSettings: ZBus Error: I/O error: No such file or directory (os error 2)
[2m2026-09-20T17:53:44.280742Z[0m [33m WARN[0m [2mruffle_desktop::gui::controller[0m[2m:[0m Failed to register [SansSerif] as Proportional: no unicode fonts found!
[2m2026-09-20T17:53:44.280764Z[0m [33m WARN[0m [2mruffle_desktop::gui::controller[0m[2m:[0m Failed to register [Name("Noto Sans CJK"), Name("Source Han Sans"), Name("WenQuanYi Zen Hei"), Name("Arial Unicode MS")] as Proportional: no unicode fonts found!
[2m2026-09-20T17:53:44.280815Z[0m [33m WARN[0m [2mruffle_desktop::gui::controller[0m[2m:[0m Failed to register [Name("Noto Sans Hebrew"), Name("Tahoma")] as Proportional: no unicode fonts found!
[2m2026-09-20T17:53:44.280823Z[0m [33m WARN[0m [2mruffle_desktop::gui::controller[0m[2m:[0m Failed to register [Name("Noto Sans Arabic"), Name("Tahoma")] as Proportional: no unicode fonts found!
[2m2026-09-20T17:53:44.280825Z[0m [33m WARN[0m [2mruffle_desktop::gui::controller[0m[2m:[0m Failed to register [Name("Noto Sans Thai"), Name("Tahoma")] as Proportional: no unicode fonts found!
[2m2026-09-20T17:53:44.280836Z[0m [32m INFO[0m [2mruffle_desktop::gui::controller[0m[2m:[0m Opening file:///home/runner/work/ArenaHero/ArenaHero/gh-out/client/Client.swf
ALSA lib confmisc.c:855:(parse_card) cannot find card '0'
ALSA lib conf.c:5208:(_snd_config_evaluate) function snd_func_card_inum returned error: No such file or directory
ALSA lib confmisc.c:422:(snd_func_concat) error evaluating strings
ALSA lib conf.c:5208:(_snd_config_evaluate) function snd_func_concat returned error: No such file or directory
ALSA lib confmisc.c:1342:(snd_func_refer) error evaluating name
ALSA lib conf.c:5208:(_snd_config_evaluate) function snd_func_refer returned error: No such file or directory
ALSA lib conf.c:5731:(snd_config_expand) Evaluate error: No such file or directory
ALSA lib pcm.c:2721:(snd_pcm_open_noupdate) Unknown PCM default
[2m2026-09-20T17:53:44.315951Z[0m [31mERROR[0m [2mruffle_desktop::player[0m[2m:[0m Unable to create audio device: Failed to get default output config
[2m2026-09-20T17:53:44.315985Z[0m [33m WARN[0m [2mruffle_frontend_utils::write[0m[2m:[0m missing or invalid 'recent' array, recreating..
[2m2026-09-20T17:53:44.343905Z[0m [33m WARN[0m [2mruffle_video_external::decoder::openh264[0m[2m:[0m Failed to load system OpenH264 library libopenh264.so.7: Error while loading OpenH264: libopenh264.so.7: cannot open shared object file: No such file or directory
[2m2026-09-20T17:53:44.343966Z[0m [33m WARN[0m [2mruffle_video_external::decoder::openh264[0m[2m:[0m Failed to load system OpenH264 library libopenh264.so.2.4.1: Error while loading OpenH264: libopenh264.so.2.4.1: cannot open shared object file: No such file or directory
[2m2026-09-20T17:53:44.344001Z[0m [33m WARN[0m [2mruffle_video_external::decoder::openh264[0m[2m:[0m Failed to load system OpenH264 library libopenh264.so: Error while loading OpenH264: libopenh264.so: cannot open shared object file: No such file or directory
[2m2026-09-20T17:53:44.344062Z[0m [32m INFO[0m [2mruffle_video_external::decoder::openh264[0m[2m:[0m Downloading OpenH264 library
[2m2026-09-20T17:53:44.494770Z[0m [32m INFO[0m [2mruffle_video_external::decoder::openh264[0m[2m:[0m Using OpenH264 at "/home/runner/.cache/ruffle/video/libopenh264-2.4.1-linux64.7.so"
[2m2026-09-20T17:53:44.572834Z[0m [32m INFO[0m [2mruffle_frontend_utils::backends::storage[0m[2m:[0m Creating storage dir
[2m2026-09-20T17:53:44.667870Z[0m [32m INFO[0m [2mruffle_core::context[0m[2m:[0m Loaded SWF version 43, resolution 990x560 @ 25 FPS
[2m2026-09-20T17:53:45.116279Z[0m [33m WARN[0m [2mruffle_frontend_utils::backends::storage[0m[2m:[0m Unable to read file "localhost/home/runner/work/ArenaHero/ArenaHero/gh-out/client/Client.swf/stageQuality": Os { code: 2, kind: NotFound, message: "No such file or directory" }
[2m2026-09-20T17:53:45.121225Z[0m [32m INFO[0m [2mruffle_desktop::backends::ui::fontconfig[0m[2m:[0m Skipping font 'NimbusRoman-Regular' because it's not a TTF (it doesn't have a name)
[2m2026-09-20T17:53:45.121240Z[0m [32m INFO[0m [2mruffle_desktop::backends::ui::fontconfig[0m[2m:[0m Skipping font 'Nimbus Roman Regular' because it's not a TTF (it doesn't have a name)
[2m2026-09-20T17:53:45.121246Z[0m [32m INFO[0m [2mruffle_desktop::backends::ui::fontconfig[0m[2m:[0m Skipping font 'Nimbus Roman Regular' because it's not a TTF (it doesn't have a name)
[2m2026-09-20T17:53:45.121248Z[0m [32m INFO[0m [2mruffle_desktop::backends::ui::fontconfig[0m[2m:[0m Skipping font 'NimbusRoman-Bold' because it's not a TTF (it doesn't have a name)
[2m2026-09-20T17:53:45.121252Z[0m [32m INFO[0m [2mruffle_desktop::backends::ui::fontconfig[0m[2m:[0m Skipping font 'Nimbus Roman Bold' because it's not a TTF (it doesn't have a name)
[2m2026-09-20T17:53:45.121254Z[0m [32m INFO[0m [2mruffle_desktop::backends::ui::fontconfig[0m[2m:[0m Skipping font 'Nimbus Roman Bold' because it's not a TTF (it doesn't have a name)
[2m2026-09-20T17:53:45.121257Z[0m [32m INFO[0m [2mruffle_desktop::backends::ui::fontconfig[0m[2m:[0m Skipping font 'NimbusRoman-Italic' because it's not a TTF (it doesn't have a name)
[2m2026-09-20T17:53:45.121261Z[0m [32m INFO[0m [2mruffle_desktop::backends::ui::fontconfig[0m[2m:[0m Skipping font 'Nimbus Roman Italic' because it's not a TTF (it doesn't have a name)
[2m2026-09-20T17:53:45.121264Z[0m [32m INFO[0m [2mruffle_desktop::backends::ui::fontconfig[0m[2m:[0m Skipping font 'Nimbus Roman Italic' because it's not a TTF (it doesn't have a name)
[2m2026-09-20T17:53:45.121267Z[0m [32m INFO[0m [2mruffle_desktop::backends::ui::fontconfig[0m[2m:[0m Skipping font 'NimbusRoman-BoldItalic' because it's not a TTF (it doesn't have a name)
[2m2026-09-20T17:53:45.121269Z[0m [32m INFO[0m [2mruffle_desktop::backends::ui::fontconfig[0m[2m:[0m Skipping font 'Nimbus Roman Bold Italic' because it's not a TTF (it doesn't have a name)
[2m2026-09-20T17:53:45.121275Z[0m [32m INFO[0m [2mruffle_desktop::backends::ui::fontconfig[0m[2m:[0m Skipping font 'Nimbus Roman Bold Italic' because it's not a TTF (it doesn't have a name)
[2m2026-09-20T17:53:45.121447Z[0m [32m INFO[0m [2mruffle_desktop::backends::ui::fontconfig[0m[2m:[0m Skipping font 'URWBookman-Light' because it's not a TTF (it doesn't have a name)
[2m2026-09-20T17:53:45.121456Z[0m [32m INFO[0m [2mruffle_desktop::backends::ui::fontconfig[0m[2m:[0m Skipping font 'URW Bookman Light' because it's not a TTF (it doesn't have a name)
[2m2026-09-20T17:53:45.121462Z[0m [32m INFO[0m [2mruffle_desktop::backends::ui::fontconfig[0m[2m:[0m Skipping font 'URW Bookman Light' because it's not a TTF (it doesn't have a name)
[2m2026-09-20T17:53:45.121465Z[0m [32m INFO[0m [2mruffle_desktop::backends::ui::fontconfig[0m[2m:[0m Skipping font 'URWBookman-Demi' because it's not a TTF (it doesn't have a name)
[2m2026-09-20T17:53:45.121468Z[0m [32m INFO[0m [2mruffle_desktop::backends::ui::fontconfig[0m[2m:[0m Skipping font 'URW Bookman Demi' because it's not a TTF (it doesn't have a name)
[2m2026-09-20T17:53:45.121471Z[0m [32m INFO[0m [2mruffle_desktop::backends::ui::fontconfig[0m[2m:[0m Skipping font 'URW Bookman Demi' because it's not a TTF (it doesn't have a name)
[2m2026-09-20T17:53:45.121473Z[0m [32m INFO[0m [2mruffle_desktop::backends::ui::fontconfig[0m[2m:[0m Skipping font 'URWBookman-LightItalic' because it's not a TTF (it doesn't have a name)
[2m2026-09-20T17:53:45.121476Z[0m [32m INFO[0m [2mruffle_desktop::backends::ui::fontconfig[0m[2m:[0m Skipping font 'URW Bookman Light Italic' because it's not a TTF (it doesn't have a name)
[2m2026-09-20T17:53:45.121479Z[0m [32m INFO[0m [2mruffle_desktop::backends::ui::fontconfig[0m[2m:[0m Skipping font 'URW Bookman Light Italic' because it's not a TTF (it doesn't have a name)
[2m2026-09-20T17:53:45.121481Z[0m [32m INFO[0m [2mruffle_desktop::backends::ui::fontconfig[0m[2m:[0m Skipping font 'URWBookman-DemiItalic' because it's not a TTF (it doesn't have a name)
[2m2026-09-20T17:53:45.121484Z[0m [32m INFO[0m [2mruffle_desktop::backends::ui::fontconfig[0m[2m:[0m Skipping font 'URW Bookman Demi Italic' because it's not a TTF (it doesn't have a name)
[2m2026-09-20T17:53:45.121487Z[0m [32m INFO[0m [2mruffle_desktop::backends::ui::fontconfig[0m[2m:[0m Skipping font 'URW Bookman Demi Italic' because it's not a TTF (it doesn't have a name)
[2m2026-09-20T17:53:45.121490Z[0m [32m INFO[0m [2mruffle_desktop::backends::ui::fontconfig[0m[2m:[0m Skipping font 'C059-Roman' because it's not a TTF (it doesn't have a name)
[2m2026-09-20T17:53:45.121492Z[0m [32m INFO[0m [2mruffle_desktop::backends::ui::fontconfig[0m[2m:[0m Skipping font 'C059 Roman' because it's not a TTF (it doesn't have a name)
[2m2026-09-20T17:53:45.121495Z[0m [32m INFO[0m [2mruffle_desktop::backends::ui::fontconfig[0m[2m:[0m Skipping font 'C059 Roman' because it's not a TTF (it doesn't have a name)
[2m2026-09-20T17:53:45.121497Z[0m [32m INFO[0m [2mruffle_desktop::backends::ui::fontconfig[0m[2m:[0m Skipping font 'C059-Bold' because it's not a TTF (it doesn't have a name)
[2m2026-09-20T17:53:45.121500Z[0m [32m INFO[0m [2mruffle_desktop::backends::ui::fontconfig[0m[2m:[0m Skipping font 'C059 Bold' because it's not a TTF (it doesn't have a name)
[2m2026-09-20T17:53:45.121502Z[0m [32m INFO[0m [2mruffle_desktop::backends::ui::fontconfig[0m[2m:[0m Skipping font 'C059 Bold' because it's not a TTF (it doesn't have a name)
[2m2026-09-20T17:53:45.121505Z[0m [32m INFO[0m [2mruffle_desktop::backends::ui::fontconfig[0m[2m:[0m Skipping font 'C059-Italic' because it's not a TTF (it doesn't have a name)
[2m2026-09-20T17:53:45.121508Z[0m [32m INFO[0m [2mruffle_desktop::backends::ui::fontconfig[0m[2m:[0m Skipping font 'C059 Italic' because it's not a TTF (it doesn't have a name)
[2m2026-09-20T17:53:45.121511Z[0m [32m INFO[0m [2mruffle_desktop::backends::ui::fontconfig[0m[2m:[0m Skipping font 'C059 Italic' because it's not a TTF (it doesn't have a name)
[2m2026-09-20T17:53:45.121514Z[0m [32m INFO[0m [2mruffle_desktop::backends::ui::fontconfig[0m[2m:[0m Skipping font 'C059-BdIta' because it's not a TTF (it doesn't have a name)
[2m2026-09-20T17:53:45.121516Z[0m [32m INFO[0m [2mruffle_desktop::backends::ui::fontconfig[0m[2m:[0m Skipping font 'C059 Bold Italic' because it's not a TTF (it doesn't have a name)
[2m2026-09-20T17:53:45.121519Z[0m [32m INFO[0m [2mruffle_desktop::backends::ui::fontconfig[0m[2m:[0m Skipping font 'C059 Bold Italic' because it's not a TTF (it doesn't have a name)
[2m2026-09-20T17:53:45.121522Z[0m [32m INFO[0m [2mruffle_desktop::backends::ui::fontconfig[0m[2m:[0m Skipping font 'P052-Roman' because it's not a TTF (it doesn't have a name)
[2m2026-09-20T17:53:45.121524Z[0m [32m INFO[0m [2mruffle_desktop::backends::ui::fontconfig[0m[2m:[0m Skipping font 'P052 Roman' because it's not a TTF (it doesn't have a name)
[2m2026-09-20T17:53:45.121526Z[0m [32m INFO[0m [2mruffle_desktop::backends::ui::fontconfig[0m[2m:[0m Skipping font 'P052 Roman' because it's not a TTF (it doesn't have a name)
[2m2026-09-20T17:53:45.121529Z[0m [32m INFO[0m [2mruffle_desktop::backends::ui::fontconfig[0m[2m:[0m Skipping font 'P052-Bold' because it's not a TTF (it doesn't have a name)
[2m2026-09-20T17:53:45.121531Z[0m [32m INFO[0m [2mruffle_desktop::backends::ui::fontconfig[0m[2m:[0m Skipping font 'P052 Bold' because it's not a TTF (it doesn't have a name)
[2m2026-09-20T17:53:45.121534Z[0m [32m INFO[0m [2mruffle_desktop::backends::ui::fontconfig[0m[2m:[0m Skipping font 'P052 Bold' because it's not a TTF (it doesn't have a name)
[2m2026-09-20T17:53:45.121537Z[0m [32m INFO[0m [2mruffle_desktop::backends::ui::fontconfig[0m[2m:[0m Skipping font 'P052-Italic' because it's not a TTF (it doesn't have a name)
[2m2026-09-20T17:53:45.121541Z[0m [32m INFO[0m [2mruffle_desktop::backends::ui::fontconfig[0m[2m:[0m Skipping font 'P052 Italic' because it's not a TTF (it doesn't have a name)
[2m2026-09-20T17:53:45.121543Z[0m [32m INFO[0m [2mruffle_desktop::backends::ui::fontconfig[0m[2m:[0m Skipping font 'P052 Italic' because it's not a TTF (it doesn't have a name)
[2m2026-09-20T17:53:45.121546Z[0m [32m INFO[0m [2mruffle_desktop::backends::ui::fontconfig[0m[2m:[0m Skipping font 'P052-BoldItalic' because it's not a TTF (it doesn't have a name)
[2m2026-09-20T17:53:45.121548Z[0m [32m INFO[0m [2mruffle_desktop::backends::ui::fontconfig[0m[2m:[0m Skipping font 'P052 Bold Italic' because it's not a TTF (it doesn't have a name)
[2m2026-09-20T17:53:45.121551Z[0m [32m INFO[0m [2mruffle_desktop::backends::ui::fontconfig[0m[2m:[0m Skipping font 'P052 Bold Italic' because it's not a TTF (it doesn't have a name)
[2m2026-09-20T17:53:45.121554Z[0m [32m INFO[0m [2mruffle_desktop::backends::ui::fontconfig[0m[2m:[0m Skipping font 'Standard Symbols PS' because it's not a TTF (it doesn't have a name)
[2m2026-09-20T17:53:45.121556Z[0m [32m INFO[0m [2mruffle_desktop::backends::ui::fontconfig[0m[2m:[0m Skipping font 'Standard Symbols PS Regular' because it's not a TTF (it doesn't have a name)
[2m2026-09-20T17:53:45.121559Z[0m [32m INFO[0m [2mruffle_desktop::backends::ui::fontconfig[0m[2m:[0m Skipping font 'Standard Symbols PS Regular' because it's not a TTF (it doesn't have a name)
[2m2026-09-20T17:53:45.127067Z[0m [32m INFO[0m [2mruffle_desktop::backends::ui::fontconfig[0m[2m:[0m Skipping font 'Noto Sans CJK JP' because it's not a TTF (it doesn't have a name)
[2m2026-09-20T17:53:45.127080Z[0m [32m INFO[0m [2mruffle_desktop::backends::ui::fontconfig[0m[2m:[0m Skipping font 'Noto Sans CJK KR' because it's not a TTF (it doesn't have a name)
[2m2026-09-20T17:53:45.127083Z[0m [32m INFO[0m [2mruffle_desktop::backends::ui::fontconfig[0m[2m:[0m Skipping font 'Noto Sans CJK SC' because it's not a TTF (it doesn't have a name)
[2m2026-09-20T17:53:45.127087Z[0m [32m INFO[0m [2mruffle_desktop::backends::ui::fontconfig[0m[2m:[0m Skipping font 'Noto Sans CJK TC' because it's not a TTF (it doesn't have a name)
[2m2026-09-20T17:53:45.127090Z[0m [32m INFO[0m [2mruffle_desktop::backends::ui::fontconfig[0m[2m:[0m Skipping font 'Noto Sans CJK HK' because it's not a TTF (it doesn't have a name)
[2m2026-09-20T17:53:45.127093Z[0m [32m INFO[0m [2mruffle_desktop::backends::ui::fontconfig[0m[2m:[0m Skipping font 'Noto Sans Mono CJK JP' because it's not a TTF (it doesn't have a name)
[2m2026-09-20T17:53:45.127096Z[0m [32m INFO[0m [2mruffle_desktop::backends::ui::fontconfig[0m[2m:[0m Skipping font 'Noto Sans Mono CJK KR' because it's not a TTF (it doesn't have a name)
[2m2026-09-20T17:53:45.127099Z[0m [32m INFO[0m [2mruffle_desktop::backends::ui::fontconfig[0m[2m:[0m Skipping font 'Noto Sans Mono CJK SC' because it's not a TTF (it doesn't have a name)
[2m2026-09-20T17:53:45.127102Z[0m [32m INFO[0m [2mruffle_desktop::backends::ui::fontconfig[0m[2m:[0m Skipping font 'Noto Sans Mono CJK TC' because it's not a TTF (it doesn't have a name)
[2m2026-09-20T17:53:45.127105Z[0m [32m INFO[0m [2mruffle_desktop::backends::ui::fontconfig[0m[2m:[0m Skipping font 'Noto Sans Mono CJK HK' because it's not a TTF (it doesn't have a name)
[2m2026-09-20T17:53:45.127108Z[0m [32m INFO[0m [2mruffle_desktop::backends::ui::fontconfig[0m[2m:[0m Skipping font 'Noto Serif CJK JP' because it's not a TTF (it doesn't have a name)
[2m2026-09-20T17:53:45.127111Z[0m [32m INFO[0m [2mruffle_desktop::backends::ui::fontconfig[0m[2m:[0m Skipping font 'Noto Serif CJK KR' because it's not a TTF (it doesn't have a name)
[2m2026-09-20T17:53:45.127113Z[0m [32m INFO[0m [2mruffle_desktop::backends::ui::fontconfig[0m[2m:[0m Skipping font 'Noto Serif CJK SC' because it's not a TTF (it doesn't have a name)
[2m2026-09-20T17:53:45.127116Z[0m [32m INFO[0m [2mruffle_desktop::backends::ui::fontconfig[0m[2m:[0m Skipping font 'Noto Serif CJK TC' because it's not a TTF (it doesn't have a name)
[2m2026-09-20T17:53:45.127119Z[0m [32m INFO[0m [2mruffle_desktop::backends::ui::fontconfig[0m[2m:[0m Skipping font 'Noto Serif CJK HK' because it's not a TTF (it doesn't have a name)
[2m2026-09-20T17:53:45.127121Z[0m [32m INFO[0m [2mruffle_desktop::backends::ui::fontconfig[0m[2m:[0m Skipping font 'D050000L' because it's not a TTF (it doesn't have a name)
[2m2026-09-20T17:53:45.127124Z[0m [32m INFO[0m [2mruffle_desktop::backends::ui::fontconfig[0m[2m:[0m Skipping font 'NimbusMonoPS-Regular' because it's not a TTF (it doesn't have a name)
[2m2026-09-20T17:53:45.127127Z[0m [32m INFO[0m [2mruffle_desktop::backends::ui::fontconfig[0m[2m:[0m Skipping font 'NimbusSans-Regular' because it's not a TTF (it doesn't have a name)
[2m2026-09-20T17:53:45.127130Z[0m [32m INFO[0m [2mruffle_desktop::backends::ui::fontconfig[0m[2m:[0m Skipping font 'URWGothic-Book' because it's not a TTF (it doesn't have a name)
[2m2026-09-20T17:53:45.127516Z[0m [32m INFO[0m [2mruffle_desktop::backends::ui::fontconfig[0m[2m:[0m Skipping font 'Nimbus Mono PS Regular' because it's not a TTF (it doesn't have a name)
[2m2026-09-20T17:53:45.127528Z[0m [32m INFO[0m [2mruffle_desktop::backends::ui::fontconfig[0m[2m:[0m Skipping font 'Nimbus Sans Regular' because it's not a TTF (it doesn't have a name)
[2m2026-09-20T17:53:45.127531Z[0m [32m INFO[0m [2mruffle_desktop::backends::ui::fontconfig[0m[2m:[0m Skipping font 'Nimbus Sans Narrow Regular' because it's not a TTF (it doesn't have a name)
[2m2026-09-20T17:53:45.127534Z[0m [32m INFO[0m [2mruffle_desktop::backends::ui::fontconfig[0m[2m:[0m Skipping font 'Nimbus Mono PS Regular' because it's not a TTF (it doesn't have a name)
[2m2026-09-20T17:53:45.127538Z[0m [32m INFO[0m [2mruffle_desktop::backends::ui::fontconfig[0m[2m:[0m Skipping font 'Nimbus Sans Regular' because it's not a TTF (it doesn't have a name)
[2m2026-09-20T17:53:45.127542Z[0m [32m INFO[0m [2mruffle_desktop::backends::ui::fontconfig[0m[2m:[0m Skipping font 'Nimbus Sans Narrow Regular' because it's not a TTF (it doesn't have a name)
[2m2026-09-20T17:53:45.127545Z[0m [32m INFO[0m [2mruffle_desktop::backends::ui::fontconfig[0m[2m:[0m Skipping font 'D050000L Regular' because it's not a TTF (it doesn't have a name)
[2m2026-09-20T17:53:45.127548Z[0m [32m INFO[0m [2mruffle_desktop::backends::ui::fontconfig[0m[2m:[0m Skipping font 'D050000L Regular' because it's not a TTF (it doesn't have a name)
[2m2026-09-20T17:53:45.127579Z[0m [32m INFO[0m [2mruffle_desktop::backends::ui::fontconfig[0m[2m:[0m Skipping font 'NimbusSansNarrow-Regular' because it's not a TTF (it doesn't have a name)
[2m2026-09-20T17:53:45.127588Z[0m [32m INFO[0m [2mruffle_desktop::backends::ui::fontconfig[0m[2m:[0m Skipping font 'URW Gothic Book' because it's not a TTF (it doesn't have a name)
[2m2026-09-20T17:53:45.127603Z[0m [32m INFO[0m [2mruffle_desktop::backends::ui::fontconfig[0m[2m:[0m Skipping font 'URW Gothic Book' because it's not a TTF (it doesn't have a name)
[2m2026-09-20T17:53:45.139070Z[0m [32m INFO[0m [2mruffle_desktop::backends::ui::fontconfig[0m[2m:[0m Skipping font 'URWGothic-Demi' because it's not a TTF (it doesn't have a name)
[2m2026-09-20T17:53:45.139081Z[0m [32m INFO[0m [2mruffle_desktop::backends::ui::fontconfig[0m[2m:[0m Skipping font 'URW Gothic Demi' because it's not a TTF (it doesn't have a name)
[2m2026-09-20T17:53:45.139086Z[0m [32m INFO[0m [2mruffle_desktop::backends::ui::fontconfig[0m[2m:[0m Skipping font 'URW Gothic Demi' because it's not a TTF (it doesn't have a name)
[2m2026-09-20T17:53:45.139642Z[0m [32m INFO[0m [2mruffle_desktop::backends::ui::fontconfig[0m[2m:[0m Skipping font 'Noto Sans CJK JP Bold' because it's not a TTF (it doesn't have a name)
[2m2026-09-20T17:53:45.139653Z[0m [32m INFO[0m [2mruffle_desktop::backends::ui::fontconfig[0m[2m:[0m Skipping font 'Noto Sans CJK KR Bold' because it's not a TTF (it doesn't have a name)
[2m2026-09-20T17:53:45.139657Z[0m [32m INFO[0m [2mruffle_desktop::backends::ui::fontconfig[0m[2m:[0m Skipping font 'Noto Sans CJK SC Bold' because it's not a TTF (it doesn't have a name)
[2m2026-09-20T17:53:45.139661Z[0m [32m INFO[0m [2mruffle_desktop::backends::ui::fontconfig[0m[2m:[0m Skipping font 'Noto Sans CJK TC Bold' because it's not a TTF (it doesn't have a name)
[2m2026-09-20T17:53:45.139665Z[0m [32m INFO[0m [2mruffle_desktop::backends::ui::fontconfig[0m[2m:[0m Skipping font 'Noto Sans CJK HK Bold' because it's not a TTF (it doesn't have a name)
[2m2026-09-20T17:53:45.139668Z[0m [32m INFO[0m [2mruffle_desktop::backends::ui::fontconfig[0m[2m:[0m Skipping font 'Noto Sans Mono CJK JP Bold' because it's not a TTF (it doesn't have a name)
[2m2026-09-20T17:53:45.139671Z[0m [32m INFO[0m [2mruffle_desktop::backends::ui::fontconfig[0m[2m:[0m Skipping font 'Noto Sans Mono CJK KR Bold' because it's not a TTF (it doesn't have a name)
[2m2026-09-20T17:53:45.139674Z[0m [32m INFO[0m [2mruffle_desktop::backends::ui::fontconfig[0m[2m:[0m Skipping font 'Noto Sans Mono CJK SC Bold' because it's not a TTF (it doesn't have a name)
[2m2026-09-20T17:53:45.139676Z[0m [32m INFO[0m [2mruffle_desktop::backends::ui::fontconfig[0m[2m:[0m Skipping font 'Noto Sans Mono CJK TC Bold' because it's not a TTF (it doesn't have a name)
[2m2026-09-20T17:53:45.139679Z[0m [32m INFO[0m [2mruffle_desktop::backends::ui::fontconfig[0m[2m:[0m Skipping font 'Noto Sans Mono CJK HK Bold' because it's not a TTF (it doesn't have a name)
[2m2026-09-20T17:53:45.139682Z[0m [32m INFO[0m [2mruffle_desktop::backends::ui::fontconfig[0m[2m:[0m Skipping font 'Noto Serif CJK JP Bold' because it's not a TTF (it doesn't have a name)
[2m2026-09-20T17:53:45.139685Z[0m [32m INFO[0m [2mruffle_desktop::backends::ui::fontconfig[0m[2m:[0m Skipping font 'Noto Serif CJK KR Bold' because it's not a TTF (it doesn't have a name)
[2m2026-09-20T17:53:45.139688Z[0m [32m INFO[0m [2mruffle_desktop::backends::ui::fontconfig[0m[2m:[0m Skipping font 'Noto Serif CJK SC Bold' because it's not a TTF (it doesn't have a name)
[2m2026-09-20T17:53:45.139691Z[0m [32m INFO[0m [2mruffle_desktop::backends::ui::fontconfig[0m[2m:[0m Skipping font 'Noto Serif CJK TC Bold' because it's not a TTF (it doesn't have a name)
[2m2026-09-20T17:53:45.139695Z[0m [32m INFO[0m [2mruffle_desktop::backends::ui::fontconfig[0m[2m:[0m Skipping font 'Noto Serif CJK HK Bold' because it's not a TTF (it doesn't have a name)
[2m2026-09-20T17:53:45.139697Z[0m [32m INFO[0m [2mruffle_desktop::backends::ui::fontconfig[0m[2m:[0m Skipping font 'NimbusMonoPS-Bold' because it's not a TTF (it doesn't have a name)
[2m2026-09-20T17:53:45.139700Z[0m [32m INFO[0m [2mruffle_desktop::backends::ui::fontconfig[0m[2m:[0m Skipping font 'NimbusSans-Bold' because it's not a TTF (it doesn't have a name)
[2m2026-09-20T17:53:45.139704Z[0m [32m INFO[0m [2mruffle_desktop::backends::ui::fontconfig[0m[2m:[0m Skipping font 'Nimbus Mono PS Bold' because it's not a TTF (it doesn't have a name)
[2m2026-09-20T17:53:45.139707Z[0m [32m INFO[0m [2mruffle_desktop::backends::ui::fontconfig[0m[2m:[0m Skipping font 'Nimbus Sans Bold' because it's not a TTF (it doesn't have a name)
[2m2026-09-20T17:53:45.139710Z[0m [32m INFO[0m [2mruffle_desktop::backends::ui::fontconfig[0m[2m:[0m Skipping font 'Nimbus Sans Narrow Bold' because it's not a TTF (it doesn't have a name)
[2m2026-09-20T17:53:45.139712Z[0m [32m INFO[0m [2mruffle_desktop::backends::ui::fontconfig[0m[2m:[0m Skipping font 'Nimbus Mono PS Bold' because it's not a TTF (it doesn't have a name)
[2m2026-09-20T17:53:45.139715Z[0m [32m INFO[0m [2mruffle_desktop::backends::ui::fontconfig[0m[2m:[0m Skipping font 'Nimbus Sans Bold' because it's not a TTF (it doesn't have a name)
[2m2026-09-20T17:53:45.139719Z[0m [32m INFO[0m [2mruffle_desktop::backends::ui::fontconfig[0m[2m:[0m Skipping font 'Nimbus Sans Narrow Bold' because it's not a TTF (it doesn't have a name)
[2m2026-09-20T17:53:45.139801Z[0m [32m INFO[0m [2mruffle_desktop::backends::ui::fontconfig[0m[2m:[0m Skipping font 'NimbusSansNarrow-Bold' because it's not a TTF (it doesn't have a name)
[2m2026-09-20T17:53:45.140750Z[0m [32m INFO[0m [2mruffle_desktop::backends::ui::fontconfig[0m[2m:[0m Skipping font 'NimbusSans-Italic' because it's not a TTF (it doesn't have a name)
[2m2026-09-20T17:53:45.140761Z[0m [32m INFO[0m [2mruffle_desktop::backends::ui::fontconfig[0m[2m:[0m Skipping font 'NimbusMonoPS-Italic' because it's not a TTF (it doesn't have a name)
[2m2026-09-20T17:53:45.140765Z[0m [32m INFO[0m [2mruffle_desktop::backends::ui::fontconfig[0m[2m:[0m Skipping font 'Nimbus Mono PS Italic' because it's not a TTF (it doesn't have a name)
[2m2026-09-20T17:53:45.140768Z[0m [32m INFO[0m [2mruffle_desktop::backends::ui::fontconfig[0m[2m:[0m Skipping font 'Nimbus Sans Italic' because it's not a TTF (it doesn't have a name)
[2m2026-09-20T17:53:45.140771Z[0m [32m INFO[0m [2mruffle_desktop::backends::ui::fontconfig[0m[2m:[0m Skipping font 'Nimbus Mono PS Italic' because it's not a TTF (it doesn't have a name)
[2m2026-09-20T17:53:45.140774Z[0m [32m INFO[0m [2mruffle_desktop::backends::ui::fontconfig[0m[2m:[0m Skipping font 'Nimbus Sans Italic' because it's not a TTF (it doesn't have a name)
[2m2026-09-20T17:53:45.141033Z[0m [32m INFO[0m [2mruffle_desktop::backends::ui::fontconfig[0m[2m:[0m Skipping font 'Z003-MediumItalic' because it's not a TTF (it doesn't have a name)
[2m2026-09-20T17:53:45.141043Z[0m [32m INFO[0m [2mruffle_desktop::backends::ui::fontconfig[0m[2m:[0m Skipping font 'Z003 Medium Italic' because it's not a TTF (it doesn't have a name)
[2m2026-09-20T17:53:45.141047Z[0m [32m INFO[0m [2mruffle_desktop::backends::ui::fontconfig[0m[2m:[0m Skipping font 'Z003 Medium Italic' because it's not a TTF (it doesn't have a name)
[2m2026-09-20T17:53:45.142238Z[0m [32m INFO[0m [2mruffle_desktop::backends::ui::fontconfig[0m[2m:[0m Skipping font 'NimbusSans-BoldItalic' because it's not a TTF (it doesn't have a name)
[2m2026-09-20T17:53:45.142248Z[0m [32m INFO[0m [2mruffle_desktop::backends::ui::fontconfig[0m[2m:[0m Skipping font 'NimbusMonoPS-BoldItalic' because it's not a TTF (it doesn't have a name)
[2m2026-09-20T17:53:45.142253Z[0m [32m INFO[0m [2mruffle_desktop::backends::ui::fontconfig[0m[2m:[0m Skipping font 'Nimbus Mono PS Bold Italic' because it's not a TTF (it doesn't have a name)
[2m2026-09-20T17:53:45.142256Z[0m [32m INFO[0m [2mruffle_desktop::backends::ui::fontconfig[0m[2m:[0m Skipping font 'Nimbus Sans Bold Italic' because it's not a TTF (it doesn't have a name)
[2m2026-09-20T17:53:45.142260Z[0m [32m INFO[0m [2mruffle_desktop::backends::ui::fontconfig[0m[2m:[0m Skipping font 'Nimbus Mono PS Bold Italic' because it's not a TTF (it doesn't have a name)
[2m2026-09-20T17:53:45.142264Z[0m [32m INFO[0m [2mruffle_desktop::backends::ui::fontconfig[0m[2m:[0m Skipping font 'Nimbus Sans Bold Italic' because it's not a TTF (it doesn't have a name)
[2m2026-09-20T17:53:45.142809Z[0m [32m INFO[0m [2mruffle_desktop::backends::ui::fontconfig[0m[2m:[0m Skipping font 'URWGothic-BookOblique' because it's not a TTF (it doesn't have a name)
[2m2026-09-20T17:53:45.142821Z[0m [32m INFO[0m [2mruffle_desktop::backends::ui::fontconfig[0m[2m:[0m Skipping font 'Nimbus Sans Narrow Oblique' because it's not a TTF (it doesn't have a name)
[2m2026-09-20T17:53:45.142825Z[0m [32m INFO[0m [2mruffle_desktop::backends::ui::fontconfig[0m[2m:[0m Skipping font 'Nimbus Sans Narrow Oblique' because it's not a TTF (it doesn't have a name)
[2m2026-09-20T17:53:45.142891Z[0m [32m INFO[0m [2mruffle_desktop::backends::ui::fontconfig[0m[2m:[0m Skipping font 'NimbusSansNarrow-Oblique' because it's not a TTF (it doesn't have a name)
[2m2026-09-20T17:53:45.142901Z[0m [32m INFO[0m [2mruffle_desktop::backends::ui::fontconfig[0m[2m:[0m Skipping font 'URW Gothic Book Oblique' because it's not a TTF (it doesn't have a name)
[2m2026-09-20T17:53:45.142904Z[0m [32m INFO[0m [2mruffle_desktop::backends::ui::fontconfig[0m[2m:[0m Skipping font 'URW Gothic Book Oblique' because it's not a TTF (it doesn't have a name)
[2m2026-09-20T17:53:45.142908Z[0m [32m INFO[0m [2mruffle_desktop::backends::ui::fontconfig[0m[2m:[0m Skipping font 'URWGothic-DemiOblique' because it's not a TTF (it doesn't have a name)
[2m2026-09-20T17:53:45.142911Z[0m [32m INFO[0m [2mruffle_desktop::backends::ui::fontconfig[0m[2m:[0m Skipping font 'URW Gothic Demi Oblique' because it's not a TTF (it doesn't have a name)
[2m2026-09-20T17:53:45.142914Z[0m [32m INFO[0m [2mruffle_desktop::backends::ui::fontconfig[0m[2m:[0m Skipping font 'URW Gothic Demi Oblique' because it's not a TTF (it doesn't have a name)
[2m2026-09-20T17:53:45.143014Z[0m [32m INFO[0m [2mruffle_desktop::backends::ui::fontconfig[0m[2m:[0m Skipping font 'Nimbus Sans Narrow Bold Oblique' because it's not a TTF (it doesn't have a name)
[2m2026-09-20T17:53:45.143024Z[0m [32m INFO[0m [2mruffle_desktop::backends::ui::fontconfig[0m[2m:[0m Skipping font 'Nimbus Sans Narrow Bold Oblique' because it's not a TTF (it doesn't have a name)
[2m2026-09-20T17:53:45.143089Z[0m [32m INFO[0m [2mruffle_desktop::backends::ui::fontconfig[0m[2m:[0m Skipping font 'NimbusSansNarrow-BoldOblique' because it's not a TTF (it doesn't have a name)
[2m2026-09-20T17:53:45.178447Z[0m [31mERROR[0m [2mruffle_core::loader[0m[2m:[0m Error during movie loading of "file:///home/runner/work/ArenaHero/ArenaHero/gh-out/client/dll/FontDLL.swf": FetchError("No such file or directory (os error 2)")
[2m2026-09-20T17:53:45.178580Z[0m [32m INFO[0m [2mavm_trace[0m[2m:[0m [IOErrorEvent type="ioError" bubbles=false cancelable=false eventPhase=2 text="Movie loader error"]
