[2m2026-09-20T17:54:21.135867Z[0m [33m WARN[0m [2mwinit::platform_impl::linux::x11::xdisplay[0m[2m:[0m error setting XSETTINGS; Xft options won't reload automatically
[2m2026-09-20T17:54:21.152087Z[0m [33m WARN[0m [2mwinit::platform_impl::linux::x11::util::randr[0m[2m:[0m XRandR reported that the display's 0mm in size, which is certifiably insane
[2m2026-09-20T17:54:21.174176Z[0m [32m INFO[0m [2mruffle_desktop::gui::controller[0m[2m:[0m Using preferred backend Vulkan
[2m2026-09-20T17:54:21.184201Z[0m [32m INFO[0m [2mruffle_desktop::gui::controller[0m[2m:[0m Using graphics API vulkan on llvmpipe (LLVM 20.1.2, 256 bits) (type: Cpu)
[2m2026-09-20T17:54:21.184341Z[0m [32m INFO[0m [2mruffle_desktop::gui::controller[0m[2m:[0m Using surface format Bgra8Unorm
[2m2026-09-20T17:54:21.190068Z[0m [33m WARN[0m [2mruffle_desktop::gui::theme[0m[2m:[0m Failed to instantiate FreedesktopSettings: ZBus Error: I/O error: No such file or directory (os error 2)
[2m2026-09-20T17:54:21.193108Z[0m [33m WARN[0m [2mruffle_desktop::gui::controller[0m[2m:[0m Failed to register [SansSerif] as Proportional: no unicode fonts found!
[2m2026-09-20T17:54:21.193138Z[0m [33m WARN[0m [2mruffle_desktop::gui::controller[0m[2m:[0m Failed to register [Name("Noto Sans CJK"), Name("Source Han Sans"), Name("WenQuanYi Zen Hei"), Name("Arial Unicode MS")] as Proportional: no unicode fonts found!
[2m2026-09-20T17:54:21.193197Z[0m [33m WARN[0m [2mruffle_desktop::gui::controller[0m[2m:[0m Failed to register [Name("Noto Sans Hebrew"), Name("Tahoma")] as Proportional: no unicode fonts found!
[2m2026-09-20T17:54:21.193210Z[0m [33m WARN[0m [2mruffle_desktop::gui::controller[0m[2m:[0m Failed to register [Name("Noto Sans Arabic"), Name("Tahoma")] as Proportional: no unicode fonts found!
[2m2026-09-20T17:54:21.193214Z[0m [33m WARN[0m [2mruffle_desktop::gui::controller[0m[2m:[0m Failed to register [Name("Noto Sans Thai"), Name("Tahoma")] as Proportional: no unicode fonts found!
[2m2026-09-20T17:54:21.193228Z[0m [32m INFO[0m [2mruffle_desktop::gui::controller[0m[2m:[0m Opening file:///home/runner/work/ArenaHero/ArenaHero/gh-out/client/Client.swf
ALSA lib confmisc.c:855:(parse_card) cannot find card '0'
ALSA lib conf.c:5208:(_snd_config_evaluate) function snd_func_card_inum returned error: No such file or directory
ALSA lib confmisc.c:422:(snd_func_concat) error evaluating strings
ALSA lib conf.c:5208:(_snd_config_evaluate) function snd_func_concat returned error: No such file or directory
ALSA lib confmisc.c:1342:(snd_func_refer) error evaluating name
ALSA lib conf.c:5208:(_snd_config_evaluate) function snd_func_refer returned error: No such file or directory
ALSA lib conf.c:5731:(snd_config_expand) Evaluate error: No such file or directory
ALSA lib pcm.c:2721:(snd_pcm_open_noupdate) Unknown PCM default
[2m2026-09-20T17:54:21.193955Z[0m [31mERROR[0m [2mruffle_desktop::player[0m[2m:[0m Unable to create audio device: Failed to get default output config
[2m2026-09-20T17:54:21.222014Z[0m [33m WARN[0m [2mruffle_video_external::decoder::openh264[0m[2m:[0m Failed to load system OpenH264 library libopenh264.so.7: Error while loading OpenH264: libopenh264.so.7: cannot open shared object file: No such file or directory
[2m2026-09-20T17:54:21.222074Z[0m [33m WARN[0m [2mruffle_video_external::decoder::openh264[0m[2m:[0m Failed to load system OpenH264 library libopenh264.so.2.4.1: Error while loading OpenH264: libopenh264.so.2.4.1: cannot open shared object file: No such file or directory
[2m2026-09-20T17:54:21.222109Z[0m [33m WARN[0m [2mruffle_video_external::decoder::openh264[0m[2m:[0m Failed to load system OpenH264 library libopenh264.so: Error while loading OpenH264: libopenh264.so: cannot open shared object file: No such file or directory
[2m2026-09-20T17:54:21.223367Z[0m [32m INFO[0m [2mruffle_video_external::decoder::openh264[0m[2m:[0m Using OpenH264 at "/home/runner/.cache/ruffle/video/libopenh264-2.4.1-linux64.7.so"
[2m2026-09-20T17:54:21.397374Z[0m [32m INFO[0m [2mruffle_core::context[0m[2m:[0m Loaded SWF version 43, resolution 990x560 @ 25 FPS
[2m2026-09-20T17:54:21.475832Z[0m [33m WARN[0m [2mruffle_frontend_utils::backends::storage[0m[2m:[0m Unable to read file "localhost/home/runner/work/ArenaHero/ArenaHero/gh-out/client/Client.swf/stageQuality": Os { code: 2, kind: NotFound, message: "No such file or directory" }
[2m2026-09-20T17:54:21.480868Z[0m [32m INFO[0m [2mruffle_desktop::backends::ui::fontconfig[0m[2m:[0m Skipping font 'NimbusRoman-Regular' because it's not a TTF (it doesn't have a name)
[2m2026-09-20T17:54:21.480886Z[0m [32m INFO[0m [2mruffle_desktop::backends::ui::fontconfig[0m[2m:[0m Skipping font 'Nimbus Roman Regular' because it's not a TTF (it doesn't have a name)
[2m2026-09-20T17:54:21.480890Z[0m [32m INFO[0m [2mruffle_desktop::backends::ui::fontconfig[0m[2m:[0m Skipping font 'Nimbus Roman Regular' because it's not a TTF (it doesn't have a name)
[2m2026-09-20T17:54:21.480893Z[0m [32m INFO[0m [2mruffle_desktop::backends::ui::fontconfig[0m[2m:[0m Skipping font 'NimbusRoman-Bold' because it's not a TTF (it doesn't have a name)
[2m2026-09-20T17:54:21.480895Z[0m [32m INFO[0m [2mruffle_desktop::backends::ui::fontconfig[0m[2m:[0m Skipping font 'Nimbus Roman Bold' because it's not a TTF (it doesn't have a name)
[2m2026-09-20T17:54:21.480898Z[0m [32m INFO[0m [2mruffle_desktop::backends::ui::fontconfig[0m[2m:[0m Skipping font 'Nimbus Roman Bold' because it's not a TTF (it doesn't have a name)
[2m2026-09-20T17:54:21.480901Z[0m [32m INFO[0m [2mruffle_desktop::backends::ui::fontconfig[0m[2m:[0m Skipping font 'NimbusRoman-Italic' because it's not a TTF (it doesn't have a name)
[2m2026-09-20T17:54:21.480904Z[0m [32m INFO[0m [2mruffle_desktop::backends::ui::fontconfig[0m[2m:[0m Skipping font 'Nimbus Roman Italic' because it's not a TTF (it doesn't have a name)
[2m2026-09-20T17:54:21.480907Z[0m [32m INFO[0m [2mruffle_desktop::backends::ui::fontconfig[0m[2m:[0m Skipping font 'Nimbus Roman Italic' because it's not a TTF (it doesn't have a name)
[2m2026-09-20T17:54:21.480910Z[0m [32m INFO[0m [2mruffle_desktop::backends::ui::fontconfig[0m[2m:[0m Skipping font 'NimbusRoman-BoldItalic' because it's not a TTF (it doesn't have a name)
[2m2026-09-20T17:54:21.480913Z[0m [32m INFO[0m [2mruffle_desktop::backends::ui::fontconfig[0m[2m:[0m Skipping font 'Nimbus Roman Bold Italic' because it's not a TTF (it doesn't have a name)
[2m2026-09-20T17:54:21.480915Z[0m [32m INFO[0m [2mruffle_desktop::backends::ui::fontconfig[0m[2m:[0m Skipping font 'Nimbus Roman Bold Italic' because it's not a TTF (it doesn't have a name)
[2m2026-09-20T17:54:21.481278Z[0m [32m INFO[0m [2mruffle_desktop::backends::ui::fontconfig[0m[2m:[0m Skipping font 'URWBookman-Light' because it's not a TTF (it doesn't have a name)
[2m2026-09-20T17:54:21.481292Z[0m [32m INFO[0m [2mruffle_desktop::backends::ui::fontconfig[0m[2m:[0m Skipping font 'URW Bookman Light' because it's not a TTF (it doesn't have a name)
[2m2026-09-20T17:54:21.481295Z[0m [32m INFO[0m [2mruffle_desktop::backends::ui::fontconfig[0m[2m:[0m Skipping font 'URW Bookman Light' because it's not a TTF (it doesn't have a name)
[2m2026-09-20T17:54:21.481298Z[0m [32m INFO[0m [2mruffle_desktop::backends::ui::fontconfig[0m[2m:[0m Skipping font 'URWBookman-Demi' because it's not a TTF (it doesn't have a name)
[2m2026-09-20T17:54:21.481300Z[0m [32m INFO[0m [2mruffle_desktop::backends::ui::fontconfig[0m[2m:[0m Skipping font 'URW Bookman Demi' because it's not a TTF (it doesn't have a name)
[2m2026-09-20T17:54:21.481303Z[0m [32m INFO[0m [2mruffle_desktop::backends::ui::fontconfig[0m[2m:[0m Skipping font 'URW Bookman Demi' because it's not a TTF (it doesn't have a name)
[2m2026-09-20T17:54:21.481306Z[0m [32m INFO[0m [2mruffle_desktop::backends::ui::fontconfig[0m[2m:[0m Skipping font 'URWBookman-LightItalic' because it's not a TTF (it doesn't have a name)
[2m2026-09-20T17:54:21.481309Z[0m [32m INFO[0m [2mruffle_desktop::backends::ui::fontconfig[0m[2m:[0m Skipping font 'URW Bookman Light Italic' because it's not a TTF (it doesn't have a name)
[2m2026-09-20T17:54:21.481312Z[0m [32m INFO[0m [2mruffle_desktop::backends::ui::fontconfig[0m[2m:[0m Skipping font 'URW Bookman Light Italic' because it's not a TTF (it doesn't have a name)
[2m2026-09-20T17:54:21.481315Z[0m [32m INFO[0m [2mruffle_desktop::backends::ui::fontconfig[0m[2m:[0m Skipping font 'URWBookman-DemiItalic' because it's not a TTF (it doesn't have a name)
[2m2026-09-20T17:54:21.481318Z[0m [32m INFO[0m [2mruffle_desktop::backends::ui::fontconfig[0m[2m:[0m Skipping font 'URW Bookman Demi Italic' because it's not a TTF (it doesn't have a name)
[2m2026-09-20T17:54:21.481321Z[0m [32m INFO[0m [2mruffle_desktop::backends::ui::fontconfig[0m[2m:[0m Skipping font 'URW Bookman Demi Italic' because it's not a TTF (it doesn't have a name)
[2m2026-09-20T17:54:21.481324Z[0m [32m INFO[0m [2mruffle_desktop::backends::ui::fontconfig[0m[2m:[0m Skipping font 'C059-Roman' because it's not a TTF (it doesn't have a name)
[2m2026-09-20T17:54:21.481326Z[0m [32m INFO[0m [2mruffle_desktop::backends::ui::fontconfig[0m[2m:[0m Skipping font 'C059 Roman' because it's not a TTF (it doesn't have a name)
[2m2026-09-20T17:54:21.481329Z[0m [32m INFO[0m [2mruffle_desktop::backends::ui::fontconfig[0m[2m:[0m Skipping font 'C059 Roman' because it's not a TTF (it doesn't have a name)
[2m2026-09-20T17:54:21.481331Z[0m [32m INFO[0m [2mruffle_desktop::backends::ui::fontconfig[0m[2m:[0m Skipping font 'C059-Bold' because it's not a TTF (it doesn't have a name)
[2m2026-09-20T17:54:21.481334Z[0m [32m INFO[0m [2mruffle_desktop::backends::ui::fontconfig[0m[2m:[0m Skipping font 'C059 Bold' because it's not a TTF (it doesn't have a name)
[2m2026-09-20T17:54:21.481337Z[0m [32m INFO[0m [2mruffle_desktop::backends::ui::fontconfig[0m[2m:[0m Skipping font 'C059 Bold' because it's not a TTF (it doesn't have a name)
[2m2026-09-20T17:54:21.481339Z[0m [32m INFO[0m [2mruffle_desktop::backends::ui::fontconfig[0m[2m:[0m Skipping font 'C059-Italic' because it's not a TTF (it doesn't have a name)
[2m2026-09-20T17:54:21.481342Z[0m [32m INFO[0m [2mruffle_desktop::backends::ui::fontconfig[0m[2m:[0m Skipping font 'C059 Italic' because it's not a TTF (it doesn't have a name)
[2m2026-09-20T17:54:21.481345Z[0m [32m INFO[0m [2mruffle_desktop::backends::ui::fontconfig[0m[2m:[0m Skipping font 'C059 Italic' because it's not a TTF (it doesn't have a name)
[2m2026-09-20T17:54:21.481347Z[0m [32m INFO[0m [2mruffle_desktop::backends::ui::fontconfig[0m[2m:[0m Skipping font 'C059-BdIta' because it's not a TTF (it doesn't have a name)
[2m2026-09-20T17:54:21.481350Z[0m [32m INFO[0m [2mruffle_desktop::backends::ui::fontconfig[0m[2m:[0m Skipping font 'C059 Bold Italic' because it's not a TTF (it doesn't have a name)
[2m2026-09-20T17:54:21.481352Z[0m [32m INFO[0m [2mruffle_desktop::backends::ui::fontconfig[0m[2m:[0m Skipping font 'C059 Bold Italic' because it's not a TTF (it doesn't have a name)
[2m2026-09-20T17:54:21.481355Z[0m [32m INFO[0m [2mruffle_desktop::backends::ui::fontconfig[0m[2m:[0m Skipping font 'P052-Roman' because it's not a TTF (it doesn't have a name)
[2m2026-09-20T17:54:21.481358Z[0m [32m INFO[0m [2mruffle_desktop::backends::ui::fontconfig[0m[2m:[0m Skipping font 'P052 Roman' because it's not a TTF (it doesn't have a name)
[2m2026-09-20T17:54:21.481360Z[0m [32m INFO[0m [2mruffle_desktop::backends::ui::fontconfig[0m[2m:[0m Skipping font 'P052 Roman' because it's not a TTF (it doesn't have a name)
[2m2026-09-20T17:54:21.481363Z[0m [32m INFO[0m [2mruffle_desktop::backends::ui::fontconfig[0m[2m:[0m Skipping font 'P052-Bold' because it's not a TTF (it doesn't have a name)
[2m2026-09-20T17:54:21.481365Z[0m [32m INFO[0m [2mruffle_desktop::backends::ui::fontconfig[0m[2m:[0m Skipping font 'P052 Bold' because it's not a TTF (it doesn't have a name)
[2m2026-09-20T17:54:21.481368Z[0m [32m INFO[0m [2mruffle_desktop::backends::ui::fontconfig[0m[2m:[0m Skipping font 'P052 Bold' because it's not a TTF (it doesn't have a name)
[2m2026-09-20T17:54:21.481371Z[0m [32m INFO[0m [2mruffle_desktop::backends::ui::fontconfig[0m[2m:[0m Skipping font 'P052-Italic' because it's not a TTF (it doesn't have a name)
[2m2026-09-20T17:54:21.481374Z[0m [32m INFO[0m [2mruffle_desktop::backends::ui::fontconfig[0m[2m:[0m Skipping font 'P052 Italic' because it's not a TTF (it doesn't have a name)
[2m2026-09-20T17:54:21.481376Z[0m [32m INFO[0m [2mruffle_desktop::backends::ui::fontconfig[0m[2m:[0m Skipping font 'P052 Italic' because it's not a TTF (it doesn't have a name)
[2m2026-09-20T17:54:21.481379Z[0m [32m INFO[0m [2mruffle_desktop::backends::ui::fontconfig[0m[2m:[0m Skipping font 'P052-BoldItalic' because it's not a TTF (it doesn't have a name)
[2m2026-09-20T17:54:21.481382Z[0m [32m INFO[0m [2mruffle_desktop::backends::ui::fontconfig[0m[2m:[0m Skipping font 'P052 Bold Italic' because it's not a TTF (it doesn't have a name)
[2m2026-09-20T17:54:21.481384Z[0m [32m INFO[0m [2mruffle_desktop::backends::ui::fontconfig[0m[2m:[0m Skipping font 'P052 Bold Italic' because it's not a TTF (it doesn't have a name)
[2m2026-09-20T17:54:21.481387Z[0m [32m INFO[0m [2mruffle_desktop::backends::ui::fontconfig[0m[2m:[0m Skipping font 'Standard Symbols PS' because it's not a TTF (it doesn't have a name)
[2m2026-09-20T17:54:21.481390Z[0m [32m INFO[0m [2mruffle_desktop::backends::ui::fontconfig[0m[2m:[0m Skipping font 'Standard Symbols PS Regular' because it's not a TTF (it doesn't have a name)
[2m2026-09-20T17:54:21.481393Z[0m [32m INFO[0m [2mruffle_desktop::backends::ui::fontconfig[0m[2m:[0m Skipping font 'Standard Symbols PS Regular' because it's not a TTF (it doesn't have a name)
[2m2026-09-20T17:54:21.481727Z[0m [32m INFO[0m [2mruffle_desktop::backends::ui::fontconfig[0m[2m:[0m Skipping font 'Noto Sans CJK JP' because it's not a TTF (it doesn't have a name)
[2m2026-09-20T17:54:21.481741Z[0m [32m INFO[0m [2mruffle_desktop::backends::ui::fontconfig[0m[2m:[0m Skipping font 'Noto Sans CJK KR' because it's not a TTF (it doesn't have a name)
[2m2026-09-20T17:54:21.481744Z[0m [32m INFO[0m [2mruffle_desktop::backends::ui::fontconfig[0m[2m:[0m Skipping font 'Noto Sans CJK SC' because it's not a TTF (it doesn't have a name)
[2m2026-09-20T17:54:21.481747Z[0m [32m INFO[0m [2mruffle_desktop::backends::ui::fontconfig[0m[2m:[0m Skipping font 'Noto Sans CJK TC' because it's not a TTF (it doesn't have a name)
[2m2026-09-20T17:54:21.481750Z[0m [32m INFO[0m [2mruffle_desktop::backends::ui::fontconfig[0m[2m:[0m Skipping font 'Noto Sans CJK HK' because it's not a TTF (it doesn't have a name)
[2m2026-09-20T17:54:21.481753Z[0m [32m INFO[0m [2mruffle_desktop::backends::ui::fontconfig[0m[2m:[0m Skipping font 'Noto Sans Mono CJK JP' because it's not a TTF (it doesn't have a name)
[2m2026-09-20T17:54:21.481757Z[0m [32m INFO[0m [2mruffle_desktop::backends::ui::fontconfig[0m[2m:[0m Skipping font 'Noto Sans Mono CJK KR' because it's not a TTF (it doesn't have a name)
[2m2026-09-20T17:54:21.481760Z[0m [32m INFO[0m [2mruffle_desktop::backends::ui::fontconfig[0m[2m:[0m Skipping font 'Noto Sans Mono CJK SC' because it's not a TTF (it doesn't have a name)
[2m2026-09-20T17:54:21.481764Z[0m [32m INFO[0m [2mruffle_desktop::backends::ui::fontconfig[0m[2m:[0m Skipping font 'Noto Sans Mono CJK TC' because it's not a TTF (it doesn't have a name)
[2m2026-09-20T17:54:21.481767Z[0m [32m INFO[0m [2mruffle_desktop::backends::ui::fontconfig[0m[2m:[0m Skipping font 'Noto Sans Mono CJK HK' because it's not a TTF (it doesn't have a name)
[2m2026-09-20T17:54:21.481770Z[0m [32m INFO[0m [2mruffle_desktop::backends::ui::fontconfig[0m[2m:[0m Skipping font 'Noto Serif CJK JP' because it's not a TTF (it doesn't have a name)
[2m2026-09-20T17:54:21.481772Z[0m [32m INFO[0m [2mruffle_desktop::backends::ui::fontconfig[0m[2m:[0m Skipping font 'Noto Serif CJK KR' because it's not a TTF (it doesn't have a name)
[2m2026-09-20T17:54:21.481775Z[0m [32m INFO[0m [2mruffle_desktop::backends::ui::fontconfig[0m[2m:[0m Skipping font 'Noto Serif CJK SC' because it's not a TTF (it doesn't have a name)
[2m2026-09-20T17:54:21.481778Z[0m [32m INFO[0m [2mruffle_desktop::backends::ui::fontconfig[0m[2m:[0m Skipping font 'Noto Serif CJK TC' because it's not a TTF (it doesn't have a name)
[2m2026-09-20T17:54:21.481781Z[0m [32m INFO[0m [2mruffle_desktop::backends::ui::fontconfig[0m[2m:[0m Skipping font 'Noto Serif CJK HK' because it's not a TTF (it doesn't have a name)
[2m2026-09-20T17:54:21.481784Z[0m [32m INFO[0m [2mruffle_desktop::backends::ui::fontconfig[0m[2m:[0m Skipping font 'D050000L' because it's not a TTF (it doesn't have a name)
[2m2026-09-20T17:54:21.481787Z[0m [32m INFO[0m [2mruffle_desktop::backends::ui::fontconfig[0m[2m:[0m Skipping font 'NimbusMonoPS-Regular' because it's not a TTF (it doesn't have a name)
[2m2026-09-20T17:54:21.481790Z[0m [32m INFO[0m [2mruffle_desktop::backends::ui::fontconfig[0m[2m:[0m Skipping font 'NimbusSans-Regular' because it's not a TTF (it doesn't have a name)
[2m2026-09-20T17:54:21.481792Z[0m [32m INFO[0m [2mruffle_desktop::backends::ui::fontconfig[0m[2m:[0m Skipping font 'URWGothic-Book' because it's not a TTF (it doesn't have a name)
[2m2026-09-20T17:54:21.482192Z[0m [32m INFO[0m [2mruffle_desktop::backends::ui::fontconfig[0m[2m:[0m Skipping font 'Nimbus Mono PS Regular' because it's not a TTF (it doesn't have a name)
[2m2026-09-20T17:54:21.482205Z[0m [32m INFO[0m [2mruffle_desktop::backends::ui::fontconfig[0m[2m:[0m Skipping font 'Nimbus Sans Regular' because it's not a TTF (it doesn't have a name)
[2m2026-09-20T17:54:21.482208Z[0m [32m INFO[0m [2mruffle_desktop::backends::ui::fontconfig[0m[2m:[0m Skipping font 'Nimbus Sans Narrow Regular' because it's not a TTF (it doesn't have a name)
[2m2026-09-20T17:54:21.482211Z[0m [32m INFO[0m [2mruffle_desktop::backends::ui::fontconfig[0m[2m:[0m Skipping font 'Nimbus Mono PS Regular' because it's not a TTF (it doesn't have a name)
[2m2026-09-20T17:54:21.482214Z[0m [32m INFO[0m [2mruffle_desktop::backends::ui::fontconfig[0m[2m:[0m Skipping font 'Nimbus Sans Regular' because it's not a TTF (it doesn't have a name)
[2m2026-09-20T17:54:21.482217Z[0m [32m INFO[0m [2mruffle_desktop::backends::ui::fontconfig[0m[2m:[0m Skipping font 'Nimbus Sans Narrow Regular' because it's not a TTF (it doesn't have a name)
[2m2026-09-20T17:54:21.482220Z[0m [32m INFO[0m [2mruffle_desktop::backends::ui::fontconfig[0m[2m:[0m Skipping font 'D050000L Regular' because it's not a TTF (it doesn't have a name)
[2m2026-09-20T17:54:21.482223Z[0m [32m INFO[0m [2mruffle_desktop::backends::ui::fontconfig[0m[2m:[0m Skipping font 'D050000L Regular' because it's not a TTF (it doesn't have a name)
[2m2026-09-20T17:54:21.482295Z[0m [32m INFO[0m [2mruffle_desktop::backends::ui::fontconfig[0m[2m:[0m Skipping font 'NimbusSansNarrow-Regular' because it's not a TTF (it doesn't have a name)
[2m2026-09-20T17:54:21.482306Z[0m [32m INFO[0m [2mruffle_desktop::backends::ui::fontconfig[0m[2m:[0m Skipping font 'URW Gothic Book' because it's not a TTF (it doesn't have a name)
[2m2026-09-20T17:54:21.482309Z[0m [32m INFO[0m [2mruffle_desktop::backends::ui::fontconfig[0m[2m:[0m Skipping font 'URW Gothic Book' because it's not a TTF (it doesn't have a name)
[2m2026-09-20T17:54:21.482544Z[0m [32m INFO[0m [2mruffle_desktop::backends::ui::fontconfig[0m[2m:[0m Skipping font 'URWGothic-Demi' because it's not a TTF (it doesn't have a name)
[2m2026-09-20T17:54:21.482556Z[0m [32m INFO[0m [2mruffle_desktop::backends::ui::fontconfig[0m[2m:[0m Skipping font 'URW Gothic Demi' because it's not a TTF (it doesn't have a name)
[2m2026-09-20T17:54:21.482559Z[0m [32m INFO[0m [2mruffle_desktop::backends::ui::fontconfig[0m[2m:[0m Skipping font 'URW Gothic Demi' because it's not a TTF (it doesn't have a name)
[2m2026-09-20T17:54:21.482839Z[0m [32m INFO[0m [2mruffle_desktop::backends::ui::fontconfig[0m[2m:[0m Skipping font 'Noto Sans CJK JP Bold' because it's not a TTF (it doesn't have a name)
[2m2026-09-20T17:54:21.482852Z[0m [32m INFO[0m [2mruffle_desktop::backends::ui::fontconfig[0m[2m:[0m Skipping font 'Noto Sans CJK KR Bold' because it's not a TTF (it doesn't have a name)
[2m2026-09-20T17:54:21.482855Z[0m [32m INFO[0m [2mruffle_desktop::backends::ui::fontconfig[0m[2m:[0m Skipping font 'Noto Sans CJK SC Bold' because it's not a TTF (it doesn't have a name)
[2m2026-09-20T17:54:21.482858Z[0m [32m INFO[0m [2mruffle_desktop::backends::ui::fontconfig[0m[2m:[0m Skipping font 'Noto Sans CJK TC Bold' because it's not a TTF (it doesn't have a name)
[2m2026-09-20T17:54:21.482861Z[0m [32m INFO[0m [2mruffle_desktop::backends::ui::fontconfig[0m[2m:[0m Skipping font 'Noto Sans CJK HK Bold' because it's not a TTF (it doesn't have a name)
[2m2026-09-20T17:54:21.482864Z[0m [32m INFO[0m [2mruffle_desktop::backends::ui::fontconfig[0m[2m:[0m Skipping font 'Noto Sans Mono CJK JP Bold' because it's not a TTF (it doesn't have a name)
[2m2026-09-20T17:54:21.482867Z[0m [32m INFO[0m [2mruffle_desktop::backends::ui::fontconfig[0m[2m:[0m Skipping font 'Noto Sans Mono CJK KR Bold' because it's not a TTF (it doesn't have a name)
[2m2026-09-20T17:54:21.482871Z[0m [32m INFO[0m [2mruffle_desktop::backends::ui::fontconfig[0m[2m:[0m Skipping font 'Noto Sans Mono CJK SC Bold' because it's not a TTF (it doesn't have a name)
[2m2026-09-20T17:54:21.482874Z[0m [32m INFO[0m [2mruffle_desktop::backends::ui::fontconfig[0m[2m:[0m Skipping font 'Noto Sans Mono CJK TC Bold' because it's not a TTF (it doesn't have a name)
[2m2026-09-20T17:54:21.482877Z[0m [32m INFO[0m [2mruffle_desktop::backends::ui::fontconfig[0m[2m:[0m Skipping font 'Noto Sans Mono CJK HK Bold' because it's not a TTF (it doesn't have a name)
[2m2026-09-20T17:54:21.482880Z[0m [32m INFO[0m [2mruffle_desktop::backends::ui::fontconfig[0m[2m:[0m Skipping font 'Noto Serif CJK JP Bold' because it's not a TTF (it doesn't have a name)
[2m2026-09-20T17:54:21.482882Z[0m [32m INFO[0m [2mruffle_desktop::backends::ui::fontconfig[0m[2m:[0m Skipping font 'Noto Serif CJK KR Bold' because it's not a TTF (it doesn't have a name)
[2m2026-09-20T17:54:21.482885Z[0m [32m INFO[0m [2mruffle_desktop::backends::ui::fontconfig[0m[2m:[0m Skipping font 'Noto Serif CJK SC Bold' because it's not a TTF (it doesn't have a name)
[2m2026-09-20T17:54:21.482888Z[0m [32m INFO[0m [2mruffle_desktop::backends::ui::fontconfig[0m[2m:[0m Skipping font 'Noto Serif CJK TC Bold' because it's not a TTF (it doesn't have a name)
[2m2026-09-20T17:54:21.482891Z[0m [32m INFO[0m [2mruffle_desktop::backends::ui::fontconfig[0m[2m:[0m Skipping font 'Noto Serif CJK HK Bold' because it's not a TTF (it doesn't have a name)
[2m2026-09-20T17:54:21.482894Z[0m [32m INFO[0m [2mruffle_desktop::backends::ui::fontconfig[0m[2m:[0m Skipping font 'NimbusMonoPS-Bold' because it's not a TTF (it doesn't have a name)
[2m2026-09-20T17:54:21.482897Z[0m [32m INFO[0m [2mruffle_desktop::backends::ui::fontconfig[0m[2m:[0m Skipping font 'NimbusSans-Bold' because it's not a TTF (it doesn't have a name)
[2m2026-09-20T17:54:21.482899Z[0m [32m INFO[0m [2mruffle_desktop::backends::ui::fontconfig[0m[2m:[0m Skipping font 'Nimbus Mono PS Bold' because it's not a TTF (it doesn't have a name)
[2m2026-09-20T17:54:21.482902Z[0m [32m INFO[0m [2mruffle_desktop::backends::ui::fontconfig[0m[2m:[0m Skipping font 'Nimbus Sans Bold' because it's not a TTF (it doesn't have a name)
[2m2026-09-20T17:54:21.482905Z[0m [32m INFO[0m [2mruffle_desktop::backends::ui::fontconfig[0m[2m:[0m Skipping font 'Nimbus Sans Narrow Bold' because it's not a TTF (it doesn't have a name)
[2m2026-09-20T17:54:21.482907Z[0m [32m INFO[0m [2mruffle_desktop::backends::ui::fontconfig[0m[2m:[0m Skipping font 'Nimbus Mono PS Bold' because it's not a TTF (it doesn't have a name)
[2m2026-09-20T17:54:21.482910Z[0m [32m INFO[0m [2mruffle_desktop::backends::ui::fontconfig[0m[2m:[0m Skipping font 'Nimbus Sans Bold' because it's not a TTF (it doesn't have a name)
[2m2026-09-20T17:54:21.482913Z[0m [32m INFO[0m [2mruffle_desktop::backends::ui::fontconfig[0m[2m:[0m Skipping font 'Nimbus Sans Narrow Bold' because it's not a TTF (it doesn't have a name)
[2m2026-09-20T17:54:21.482985Z[0m [32m INFO[0m [2mruffle_desktop::backends::ui::fontconfig[0m[2m:[0m Skipping font 'NimbusSansNarrow-Bold' because it's not a TTF (it doesn't have a name)
[2m2026-09-20T17:54:21.483184Z[0m [32m INFO[0m [2mruffle_desktop::backends::ui::fontconfig[0m[2m:[0m Skipping font 'NimbusSans-Italic' because it's not a TTF (it doesn't have a name)
[2m2026-09-20T17:54:21.483195Z[0m [32m INFO[0m [2mruffle_desktop::backends::ui::fontconfig[0m[2m:[0m Skipping font 'NimbusMonoPS-Italic' because it's not a TTF (it doesn't have a name)
[2m2026-09-20T17:54:21.483198Z[0m [32m INFO[0m [2mruffle_desktop::backends::ui::fontconfig[0m[2m:[0m Skipping font 'Nimbus Mono PS Italic' because it's not a TTF (it doesn't have a name)
[2m2026-09-20T17:54:21.483201Z[0m [32m INFO[0m [2mruffle_desktop::backends::ui::fontconfig[0m[2m:[0m Skipping font 'Nimbus Sans Italic' because it's not a TTF (it doesn't have a name)
[2m2026-09-20T17:54:21.483203Z[0m [32m INFO[0m [2mruffle_desktop::backends::ui::fontconfig[0m[2m:[0m Skipping font 'Nimbus Mono PS Italic' because it's not a TTF (it doesn't have a name)
[2m2026-09-20T17:54:21.483206Z[0m [32m INFO[0m [2mruffle_desktop::backends::ui::fontconfig[0m[2m:[0m Skipping font 'Nimbus Sans Italic' because it's not a TTF (it doesn't have a name)
[2m2026-09-20T17:54:21.483251Z[0m [32m INFO[0m [2mruffle_desktop::backends::ui::fontconfig[0m[2m:[0m Skipping font 'Z003-MediumItalic' because it's not a TTF (it doesn't have a name)
[2m2026-09-20T17:54:21.483261Z[0m [32m INFO[0m [2mruffle_desktop::backends::ui::fontconfig[0m[2m:[0m Skipping font 'Z003 Medium Italic' because it's not a TTF (it doesn't have a name)
[2m2026-09-20T17:54:21.483264Z[0m [32m INFO[0m [2mruffle_desktop::backends::ui::fontconfig[0m[2m:[0m Skipping font 'Z003 Medium Italic' because it's not a TTF (it doesn't have a name)
[2m2026-09-20T17:54:21.483554Z[0m [32m INFO[0m [2mruffle_desktop::backends::ui::fontconfig[0m[2m:[0m Skipping font 'NimbusSans-BoldItalic' because it's not a TTF (it doesn't have a name)
[2m2026-09-20T17:54:21.483565Z[0m [32m INFO[0m [2mruffle_desktop::backends::ui::fontconfig[0m[2m:[0m Skipping font 'NimbusMonoPS-BoldItalic' because it's not a TTF (it doesn't have a name)
[2m2026-09-20T17:54:21.483569Z[0m [32m INFO[0m [2mruffle_desktop::backends::ui::fontconfig[0m[2m:[0m Skipping font 'Nimbus Mono PS Bold Italic' because it's not a TTF (it doesn't have a name)
[2m2026-09-20T17:54:21.483572Z[0m [32m INFO[0m [2mruffle_desktop::backends::ui::fontconfig[0m[2m:[0m Skipping font 'Nimbus Sans Bold Italic' because it's not a TTF (it doesn't have a name)
[2m2026-09-20T17:54:21.483575Z[0m [32m INFO[0m [2mruffle_desktop::backends::ui::fontconfig[0m[2m:[0m Skipping font 'Nimbus Mono PS Bold Italic' because it's not a TTF (it doesn't have a name)
[2m2026-09-20T17:54:21.483578Z[0m [32m INFO[0m [2mruffle_desktop::backends::ui::fontconfig[0m[2m:[0m Skipping font 'Nimbus Sans Bold Italic' because it's not a TTF (it doesn't have a name)
[2m2026-09-20T17:54:21.483769Z[0m [32m INFO[0m [2mruffle_desktop::backends::ui::fontconfig[0m[2m:[0m Skipping font 'URWGothic-BookOblique' because it's not a TTF (it doesn't have a name)
[2m2026-09-20T17:54:21.483782Z[0m [32m INFO[0m [2mruffle_desktop::backends::ui::fontconfig[0m[2m:[0m Skipping font 'Nimbus Sans Narrow Oblique' because it's not a TTF (it doesn't have a name)
[2m2026-09-20T17:54:21.483785Z[0m [32m INFO[0m [2mruffle_desktop::backends::ui::fontconfig[0m[2m:[0m Skipping font 'Nimbus Sans Narrow Oblique' because it's not a TTF (it doesn't have a name)
[2m2026-09-20T17:54:21.483852Z[0m [32m INFO[0m [2mruffle_desktop::backends::ui::fontconfig[0m[2m:[0m Skipping font 'NimbusSansNarrow-Oblique' because it's not a TTF (it doesn't have a name)
[2m2026-09-20T17:54:21.483863Z[0m [32m INFO[0m [2mruffle_desktop::backends::ui::fontconfig[0m[2m:[0m Skipping font 'URW Gothic Book Oblique' because it's not a TTF (it doesn't have a name)
[2m2026-09-20T17:54:21.483866Z[0m [32m INFO[0m [2mruffle_desktop::backends::ui::fontconfig[0m[2m:[0m Skipping font 'URW Gothic Book Oblique' because it's not a TTF (it doesn't have a name)
[2m2026-09-20T17:54:21.483869Z[0m [32m INFO[0m [2mruffle_desktop::backends::ui::fontconfig[0m[2m:[0m Skipping font 'URWGothic-DemiOblique' because it's not a TTF (it doesn't have a name)
[2m2026-09-20T17:54:21.483873Z[0m [32m INFO[0m [2mruffle_desktop::backends::ui::fontconfig[0m[2m:[0m Skipping font 'URW Gothic Demi Oblique' because it's not a TTF (it doesn't have a name)
[2m2026-09-20T17:54:21.483877Z[0m [32m INFO[0m [2mruffle_desktop::backends::ui::fontconfig[0m[2m:[0m Skipping font 'URW Gothic Demi Oblique' because it's not a TTF (it doesn't have a name)
[2m2026-09-20T17:54:21.483977Z[0m [32m INFO[0m [2mruffle_desktop::backends::ui::fontconfig[0m[2m:[0m Skipping font 'Nimbus Sans Narrow Bold Oblique' because it's not a TTF (it doesn't have a name)
[2m2026-09-20T17:54:21.483989Z[0m [32m INFO[0m [2mruffle_desktop::backends::ui::fontconfig[0m[2m:[0m Skipping font 'Nimbus Sans Narrow Bold Oblique' because it's not a TTF (it doesn't have a name)
[2m2026-09-20T17:54:21.484051Z[0m [32m INFO[0m [2mruffle_desktop::backends::ui::fontconfig[0m[2m:[0m Skipping font 'NimbusSansNarrow-BoldOblique' because it's not a TTF (it doesn't have a name)
[2m2026-09-20T17:54:21.516506Z[0m [31mERROR[0m [2mruffle_core::loader[0m[2m:[0m Error during movie loading of "file:///home/runner/work/ArenaHero/ArenaHero/gh-out/client/dll/FontDLL.swf": FetchError("No such file or directory (os error 2)")
[2m2026-09-20T17:54:21.516654Z[0m [32m INFO[0m [2mavm_trace[0m[2m:[0m [IOErrorEvent type="ioError" bubbles=false cancelable=false eventPhase=2 text="Movie loader error"]
