[2m2026-09-20T17:55:01.245969Z[0m [33m WARN[0m [2mwinit::platform_impl::linux::x11::xdisplay[0m[2m:[0m error setting XSETTINGS; Xft options won't reload automatically
[2m2026-09-20T17:55:01.262060Z[0m [33m WARN[0m [2mwinit::platform_impl::linux::x11::util::randr[0m[2m:[0m XRandR reported that the display's 0mm in size, which is certifiably insane
[2m2026-09-20T17:55:01.262498Z[0m [33m WARN[0m [2mruffle_desktop::gui::controller[0m[2m:[0m Preferred backend(s) of Open GL not available; falling back to any
[2m2026-09-20T17:55:01.284450Z[0m [32m INFO[0m [2mruffle_desktop::gui::controller[0m[2m:[0m Using fallback backend Vulkan
[2m2026-09-20T17:55:01.294618Z[0m [32m INFO[0m [2mruffle_desktop::gui::controller[0m[2m:[0m Using graphics API vulkan on llvmpipe (LLVM 20.1.2, 256 bits) (type: Cpu)
[2m2026-09-20T17:55:01.294759Z[0m [32m INFO[0m [2mruffle_desktop::gui::controller[0m[2m:[0m Using surface format Bgra8Unorm
[2m2026-09-20T17:55:01.300472Z[0m [33m WARN[0m [2mruffle_desktop::gui::theme[0m[2m:[0m Failed to instantiate FreedesktopSettings: ZBus Error: I/O error: No such file or directory (os error 2)
[2m2026-09-20T17:55:01.303581Z[0m [33m WARN[0m [2mruffle_desktop::gui::controller[0m[2m:[0m Failed to register [SansSerif] as Proportional: no unicode fonts found!
[2m2026-09-20T17:55:01.303623Z[0m [33m WARN[0m [2mruffle_desktop::gui::controller[0m[2m:[0m Failed to register [Name("Noto Sans CJK"), Name("Source Han Sans"), Name("WenQuanYi Zen Hei"), Name("Arial Unicode MS")] as Proportional: no unicode fonts found!
[2m2026-09-20T17:55:01.303680Z[0m [33m WARN[0m [2mruffle_desktop::gui::controller[0m[2m:[0m Failed to register [Name("Noto Sans Hebrew"), Name("Tahoma")] as Proportional: no unicode fonts found!
[2m2026-09-20T17:55:01.303692Z[0m [33m WARN[0m [2mruffle_desktop::gui::controller[0m[2m:[0m Failed to register [Name("Noto Sans Arabic"), Name("Tahoma")] as Proportional: no unicode fonts found!
[2m2026-09-20T17:55:01.303696Z[0m [33m WARN[0m [2mruffle_desktop::gui::controller[0m[2m:[0m Failed to register [Name("Noto Sans Thai"), Name("Tahoma")] as Proportional: no unicode fonts found!
[2m2026-09-20T17:55:01.303710Z[0m [32m INFO[0m [2mruffle_desktop::gui::controller[0m[2m:[0m Opening file:///home/runner/work/ArenaHero/ArenaHero/gh-out/client/Client.swf
ALSA lib confmisc.c:855:(parse_card) cannot find card '0'
ALSA lib conf.c:5208:(_snd_config_evaluate) function snd_func_card_inum returned error: No such file or directory
ALSA lib confmisc.c:422:(snd_func_concat) error evaluating strings
ALSA lib conf.c:5208:(_snd_config_evaluate) function snd_func_concat returned error: No such file or directory
ALSA lib confmisc.c:1342:(snd_func_refer) error evaluating name
ALSA lib conf.c:5208:(_snd_config_evaluate) function snd_func_refer returned error: No such file or directory
ALSA lib conf.c:5731:(snd_config_expand) Evaluate error: No such file or directory
ALSA lib pcm.c:2721:(snd_pcm_open_noupdate) Unknown PCM default
[2m2026-09-20T17:55:01.304422Z[0m [31mERROR[0m [2mruffle_desktop::player[0m[2m:[0m Unable to create audio device: Failed to get default output config
[2m2026-09-20T17:55:01.332567Z[0m [33m WARN[0m [2mruffle_video_external::decoder::openh264[0m[2m:[0m Failed to load system OpenH264 library libopenh264.so.7: Error while loading OpenH264: libopenh264.so.7: cannot open shared object file: No such file or directory
[2m2026-09-20T17:55:01.332641Z[0m [33m WARN[0m [2mruffle_video_external::decoder::openh264[0m[2m:[0m Failed to load system OpenH264 library libopenh264.so.2.4.1: Error while loading OpenH264: libopenh264.so.2.4.1: cannot open shared object file: No such file or directory
[2m2026-09-20T17:55:01.332684Z[0m [33m WARN[0m [2mruffle_video_external::decoder::openh264[0m[2m:[0m Failed to load system OpenH264 library libopenh264.so: Error while loading OpenH264: libopenh264.so: cannot open shared object file: No such file or directory
[2m2026-09-20T17:55:01.333951Z[0m [32m INFO[0m [2mruffle_video_external::decoder::openh264[0m[2m:[0m Using OpenH264 at "/home/runner/.cache/ruffle/video/libopenh264-2.4.1-linux64.7.so"
[2m2026-09-20T17:55:01.508189Z[0m [32m INFO[0m [2mruffle_core::context[0m[2m:[0m Loaded SWF version 43, resolution 990x560 @ 25 FPS
[2m2026-09-20T17:55:01.584769Z[0m [33m WARN[0m [2mruffle_frontend_utils::backends::storage[0m[2m:[0m Unable to read file "localhost/home/runner/work/ArenaHero/ArenaHero/gh-out/client/Client.swf/stageQuality": Os { code: 2, kind: NotFound, message: "No such file or directory" }
[2m2026-09-20T17:55:01.589872Z[0m [32m INFO[0m [2mruffle_desktop::backends::ui::fontconfig[0m[2m:[0m Skipping font 'NimbusRoman-Regular' because it's not a TTF (it doesn't have a name)
[2m2026-09-20T17:55:01.589890Z[0m [32m INFO[0m [2mruffle_desktop::backends::ui::fontconfig[0m[2m:[0m Skipping font 'Nimbus Roman Regular' because it's not a TTF (it doesn't have a name)
[2m2026-09-20T17:55:01.589893Z[0m [32m INFO[0m [2mruffle_desktop::backends::ui::fontconfig[0m[2m:[0m Skipping font 'Nimbus Roman Regular' because it's not a TTF (it doesn't have a name)
[2m2026-09-20T17:55:01.589896Z[0m [32m INFO[0m [2mruffle_desktop::backends::ui::fontconfig[0m[2m:[0m Skipping font 'NimbusRoman-Bold' because it's not a TTF (it doesn't have a name)
[2m2026-09-20T17:55:01.589898Z[0m [32m INFO[0m [2mruffle_desktop::backends::ui::fontconfig[0m[2m:[0m Skipping font 'Nimbus Roman Bold' because it's not a TTF (it doesn't have a name)
[2m2026-09-20T17:55:01.589901Z[0m [32m INFO[0m [2mruffle_desktop::backends::ui::fontconfig[0m[2m:[0m Skipping font 'Nimbus Roman Bold' because it's not a TTF (it doesn't have a name)
[2m2026-09-20T17:55:01.589904Z[0m [32m INFO[0m [2mruffle_desktop::backends::ui::fontconfig[0m[2m:[0m Skipping font 'NimbusRoman-Italic' because it's not a TTF (it doesn't have a name)
[2m2026-09-20T17:55:01.589907Z[0m [32m INFO[0m [2mruffle_desktop::backends::ui::fontconfig[0m[2m:[0m Skipping font 'Nimbus Roman Italic' because it's not a TTF (it doesn't have a name)
[2m2026-09-20T17:55:01.589910Z[0m [32m INFO[0m [2mruffle_desktop::backends::ui::fontconfig[0m[2m:[0m Skipping font 'Nimbus Roman Italic' because it's not a TTF (it doesn't have a name)
[2m2026-09-20T17:55:01.589912Z[0m [32m INFO[0m [2mruffle_desktop::backends::ui::fontconfig[0m[2m:[0m Skipping font 'NimbusRoman-BoldItalic' because it's not a TTF (it doesn't have a name)
[2m2026-09-20T17:55:01.589915Z[0m [32m INFO[0m [2mruffle_desktop::backends::ui::fontconfig[0m[2m:[0m Skipping font 'Nimbus Roman Bold Italic' because it's not a TTF (it doesn't have a name)
[2m2026-09-20T17:55:01.589918Z[0m [32m INFO[0m [2mruffle_desktop::backends::ui::fontconfig[0m[2m:[0m Skipping font 'Nimbus Roman Bold Italic' because it's not a TTF (it doesn't have a name)
[2m2026-09-20T17:55:01.590275Z[0m [32m INFO[0m [2mruffle_desktop::backends::ui::fontconfig[0m[2m:[0m Skipping font 'URWBookman-Light' because it's not a TTF (it doesn't have a name)
[2m2026-09-20T17:55:01.590287Z[0m [32m INFO[0m [2mruffle_desktop::backends::ui::fontconfig[0m[2m:[0m Skipping font 'URW Bookman Light' because it's not a TTF (it doesn't have a name)
[2m2026-09-20T17:55:01.590290Z[0m [32m INFO[0m [2mruffle_desktop::backends::ui::fontconfig[0m[2m:[0m Skipping font 'URW Bookman Light' because it's not a TTF (it doesn't have a name)
[2m2026-09-20T17:55:01.590293Z[0m [32m INFO[0m [2mruffle_desktop::backends::ui::fontconfig[0m[2m:[0m Skipping font 'URWBookman-Demi' because it's not a TTF (it doesn't have a name)
[2m2026-09-20T17:55:01.590297Z[0m [32m INFO[0m [2mruffle_desktop::backends::ui::fontconfig[0m[2m:[0m Skipping font 'URW Bookman Demi' because it's not a TTF (it doesn't have a name)
[2m2026-09-20T17:55:01.590300Z[0m [32m INFO[0m [2mruffle_desktop::backends::ui::fontconfig[0m[2m:[0m Skipping font 'URW Bookman Demi' because it's not a TTF (it doesn't have a name)
[2m2026-09-20T17:55:01.590303Z[0m [32m INFO[0m [2mruffle_desktop::backends::ui::fontconfig[0m[2m:[0m Skipping font 'URWBookman-LightItalic' because it's not a TTF (it doesn't have a name)
[2m2026-09-20T17:55:01.590307Z[0m [32m INFO[0m [2mruffle_desktop::backends::ui::fontconfig[0m[2m:[0m Skipping font 'URW Bookman Light Italic' because it's not a TTF (it doesn't have a name)
[2m2026-09-20T17:55:01.590310Z[0m [32m INFO[0m [2mruffle_desktop::backends::ui::fontconfig[0m[2m:[0m Skipping font 'URW Bookman Light Italic' because it's not a TTF (it doesn't have a name)
[2m2026-09-20T17:55:01.590313Z[0m [32m INFO[0m [2mruffle_desktop::backends::ui::fontconfig[0m[2m:[0m Skipping font 'URWBookman-DemiItalic' because it's not a TTF (it doesn't have a name)
[2m2026-09-20T17:55:01.590316Z[0m [32m INFO[0m [2mruffle_desktop::backends::ui::fontconfig[0m[2m:[0m Skipping font 'URW Bookman Demi Italic' because it's not a TTF (it doesn't have a name)
[2m2026-09-20T17:55:01.590319Z[0m [32m INFO[0m [2mruffle_desktop::backends::ui::fontconfig[0m[2m:[0m Skipping font 'URW Bookman Demi Italic' because it's not a TTF (it doesn't have a name)
[2m2026-09-20T17:55:01.590323Z[0m [32m INFO[0m [2mruffle_desktop::backends::ui::fontconfig[0m[2m:[0m Skipping font 'C059-Roman' because it's not a TTF (it doesn't have a name)
[2m2026-09-20T17:55:01.590325Z[0m [32m INFO[0m [2mruffle_desktop::backends::ui::fontconfig[0m[2m:[0m Skipping font 'C059 Roman' because it's not a TTF (it doesn't have a name)
[2m2026-09-20T17:55:01.590328Z[0m [32m INFO[0m [2mruffle_desktop::backends::ui::fontconfig[0m[2m:[0m Skipping font 'C059 Roman' because it's not a TTF (it doesn't have a name)
[2m2026-09-20T17:55:01.590330Z[0m [32m INFO[0m [2mruffle_desktop::backends::ui::fontconfig[0m[2m:[0m Skipping font 'C059-Bold' because it's not a TTF (it doesn't have a name)
[2m2026-09-20T17:55:01.590333Z[0m [32m INFO[0m [2mruffle_desktop::backends::ui::fontconfig[0m[2m:[0m Skipping font 'C059 Bold' because it's not a TTF (it doesn't have a name)
[2m2026-09-20T17:55:01.590336Z[0m [32m INFO[0m [2mruffle_desktop::backends::ui::fontconfig[0m[2m:[0m Skipping font 'C059 Bold' because it's not a TTF (it doesn't have a name)
[2m2026-09-20T17:55:01.590338Z[0m [32m INFO[0m [2mruffle_desktop::backends::ui::fontconfig[0m[2m:[0m Skipping font 'C059-Italic' because it's not a TTF (it doesn't have a name)
[2m2026-09-20T17:55:01.590341Z[0m [32m INFO[0m [2mruffle_desktop::backends::ui::fontconfig[0m[2m:[0m Skipping font 'C059 Italic' because it's not a TTF (it doesn't have a name)
[2m2026-09-20T17:55:01.590343Z[0m [32m INFO[0m [2mruffle_desktop::backends::ui::fontconfig[0m[2m:[0m Skipping font 'C059 Italic' because it's not a TTF (it doesn't have a name)
[2m2026-09-20T17:55:01.590346Z[0m [32m INFO[0m [2mruffle_desktop::backends::ui::fontconfig[0m[2m:[0m Skipping font 'C059-BdIta' because it's not a TTF (it doesn't have a name)
[2m2026-09-20T17:55:01.590349Z[0m [32m INFO[0m [2mruffle_desktop::backends::ui::fontconfig[0m[2m:[0m Skipping font 'C059 Bold Italic' because it's not a TTF (it doesn't have a name)
[2m2026-09-20T17:55:01.590351Z[0m [32m INFO[0m [2mruffle_desktop::backends::ui::fontconfig[0m[2m:[0m Skipping font 'C059 Bold Italic' because it's not a TTF (it doesn't have a name)
[2m2026-09-20T17:55:01.590354Z[0m [32m INFO[0m [2mruffle_desktop::backends::ui::fontconfig[0m[2m:[0m Skipping font 'P052-Roman' because it's not a TTF (it doesn't have a name)
[2m2026-09-20T17:55:01.590357Z[0m [32m INFO[0m [2mruffle_desktop::backends::ui::fontconfig[0m[2m:[0m Skipping font 'P052 Roman' because it's not a TTF (it doesn't have a name)
[2m2026-09-20T17:55:01.590360Z[0m [32m INFO[0m [2mruffle_desktop::backends::ui::fontconfig[0m[2m:[0m Skipping font 'P052 Roman' because it's not a TTF (it doesn't have a name)
[2m2026-09-20T17:55:01.590363Z[0m [32m INFO[0m [2mruffle_desktop::backends::ui::fontconfig[0m[2m:[0m Skipping font 'P052-Bold' because it's not a TTF (it doesn't have a name)
[2m2026-09-20T17:55:01.590366Z[0m [32m INFO[0m [2mruffle_desktop::backends::ui::fontconfig[0m[2m:[0m Skipping font 'P052 Bold' because it's not a TTF (it doesn't have a name)
[2m2026-09-20T17:55:01.590368Z[0m [32m INFO[0m [2mruffle_desktop::backends::ui::fontconfig[0m[2m:[0m Skipping font 'P052 Bold' because it's not a TTF (it doesn't have a name)
[2m2026-09-20T17:55:01.590371Z[0m [32m INFO[0m [2mruffle_desktop::backends::ui::fontconfig[0m[2m:[0m Skipping font 'P052-Italic' because it's not a TTF (it doesn't have a name)
[2m2026-09-20T17:55:01.590374Z[0m [32m INFO[0m [2mruffle_desktop::backends::ui::fontconfig[0m[2m:[0m Skipping font 'P052 Italic' because it's not a TTF (it doesn't have a name)
[2m2026-09-20T17:55:01.590376Z[0m [32m INFO[0m [2mruffle_desktop::backends::ui::fontconfig[0m[2m:[0m Skipping font 'P052 Italic' because it's not a TTF (it doesn't have a name)
[2m2026-09-20T17:55:01.590379Z[0m [32m INFO[0m [2mruffle_desktop::backends::ui::fontconfig[0m[2m:[0m Skipping font 'P052-BoldItalic' because it's not a TTF (it doesn't have a name)
[2m2026-09-20T17:55:01.590382Z[0m [32m INFO[0m [2mruffle_desktop::backends::ui::fontconfig[0m[2m:[0m Skipping font 'P052 Bold Italic' because it's not a TTF (it doesn't have a name)
[2m2026-09-20T17:55:01.590384Z[0m [32m INFO[0m [2mruffle_desktop::backends::ui::fontconfig[0m[2m:[0m Skipping font 'P052 Bold Italic' because it's not a TTF (it doesn't have a name)
[2m2026-09-20T17:55:01.590387Z[0m [32m INFO[0m [2mruffle_desktop::backends::ui::fontconfig[0m[2m:[0m Skipping font 'Standard Symbols PS' because it's not a TTF (it doesn't have a name)
[2m2026-09-20T17:55:01.590390Z[0m [32m INFO[0m [2mruffle_desktop::backends::ui::fontconfig[0m[2m:[0m Skipping font 'Standard Symbols PS Regular' because it's not a TTF (it doesn't have a name)
[2m2026-09-20T17:55:01.590393Z[0m [32m INFO[0m [2mruffle_desktop::backends::ui::fontconfig[0m[2m:[0m Skipping font 'Standard Symbols PS Regular' because it's not a TTF (it doesn't have a name)
[2m2026-09-20T17:55:01.590717Z[0m [32m INFO[0m [2mruffle_desktop::backends::ui::fontconfig[0m[2m:[0m Skipping font 'Noto Sans CJK JP' because it's not a TTF (it doesn't have a name)
[2m2026-09-20T17:55:01.590729Z[0m [32m INFO[0m [2mruffle_desktop::backends::ui::fontconfig[0m[2m:[0m Skipping font 'Noto Sans CJK KR' because it's not a TTF (it doesn't have a name)
[2m2026-09-20T17:55:01.590732Z[0m [32m INFO[0m [2mruffle_desktop::backends::ui::fontconfig[0m[2m:[0m Skipping font 'Noto Sans CJK SC' because it's not a TTF (it doesn't have a name)
[2m2026-09-20T17:55:01.590735Z[0m [32m INFO[0m [2mruffle_desktop::backends::ui::fontconfig[0m[2m:[0m Skipping font 'Noto Sans CJK TC' because it's not a TTF (it doesn't have a name)
[2m2026-09-20T17:55:01.590738Z[0m [32m INFO[0m [2mruffle_desktop::backends::ui::fontconfig[0m[2m:[0m Skipping font 'Noto Sans CJK HK' because it's not a TTF (it doesn't have a name)
[2m2026-09-20T17:55:01.590744Z[0m [32m INFO[0m [2mruffle_desktop::backends::ui::fontconfig[0m[2m:[0m Skipping font 'Noto Sans Mono CJK JP' because it's not a TTF (it doesn't have a name)
[2m2026-09-20T17:55:01.590747Z[0m [32m INFO[0m [2mruffle_desktop::backends::ui::fontconfig[0m[2m:[0m Skipping font 'Noto Sans Mono CJK KR' because it's not a TTF (it doesn't have a name)
[2m2026-09-20T17:55:01.590749Z[0m [32m INFO[0m [2mruffle_desktop::backends::ui::fontconfig[0m[2m:[0m Skipping font 'Noto Sans Mono CJK SC' because it's not a TTF (it doesn't have a name)
[2m2026-09-20T17:55:01.590753Z[0m [32m INFO[0m [2mruffle_desktop::backends::ui::fontconfig[0m[2m:[0m Skipping font 'Noto Sans Mono CJK TC' because it's not a TTF (it doesn't have a name)
[2m2026-09-20T17:55:01.590755Z[0m [32m INFO[0m [2mruffle_desktop::backends::ui::fontconfig[0m[2m:[0m Skipping font 'Noto Sans Mono CJK HK' because it's not a TTF (it doesn't have a name)
[2m2026-09-20T17:55:01.590758Z[0m [32m INFO[0m [2mruffle_desktop::backends::ui::fontconfig[0m[2m:[0m Skipping font 'Noto Serif CJK JP' because it's not a TTF (it doesn't have a name)
[2m2026-09-20T17:55:01.590762Z[0m [32m INFO[0m [2mruffle_desktop::backends::ui::fontconfig[0m[2m:[0m Skipping font 'Noto Serif CJK KR' because it's not a TTF (it doesn't have a name)
[2m2026-09-20T17:55:01.590765Z[0m [32m INFO[0m [2mruffle_desktop::backends::ui::fontconfig[0m[2m:[0m Skipping font 'Noto Serif CJK SC' because it's not a TTF (it doesn't have a name)
[2m2026-09-20T17:55:01.590768Z[0m [32m INFO[0m [2mruffle_desktop::backends::ui::fontconfig[0m[2m:[0m Skipping font 'Noto Serif CJK TC' because it's not a TTF (it doesn't have a name)
[2m2026-09-20T17:55:01.590770Z[0m [32m INFO[0m [2mruffle_desktop::backends::ui::fontconfig[0m[2m:[0m Skipping font 'Noto Serif CJK HK' because it's not a TTF (it doesn't have a name)
[2m2026-09-20T17:55:01.590773Z[0m [32m INFO[0m [2mruffle_desktop::backends::ui::fontconfig[0m[2m:[0m Skipping font 'D050000L' because it's not a TTF (it doesn't have a name)
[2m2026-09-20T17:55:01.590776Z[0m [32m INFO[0m [2mruffle_desktop::backends::ui::fontconfig[0m[2m:[0m Skipping font 'NimbusMonoPS-Regular' because it's not a TTF (it doesn't have a name)
[2m2026-09-20T17:55:01.590780Z[0m [32m INFO[0m [2mruffle_desktop::backends::ui::fontconfig[0m[2m:[0m Skipping font 'NimbusSans-Regular' because it's not a TTF (it doesn't have a name)
[2m2026-09-20T17:55:01.590783Z[0m [32m INFO[0m [2mruffle_desktop::backends::ui::fontconfig[0m[2m:[0m Skipping font 'URWGothic-Book' because it's not a TTF (it doesn't have a name)
[2m2026-09-20T17:55:01.591162Z[0m [32m INFO[0m [2mruffle_desktop::backends::ui::fontconfig[0m[2m:[0m Skipping font 'Nimbus Mono PS Regular' because it's not a TTF (it doesn't have a name)
[2m2026-09-20T17:55:01.591174Z[0m [32m INFO[0m [2mruffle_desktop::backends::ui::fontconfig[0m[2m:[0m Skipping font 'Nimbus Sans Regular' because it's not a TTF (it doesn't have a name)
[2m2026-09-20T17:55:01.591178Z[0m [32m INFO[0m [2mruffle_desktop::backends::ui::fontconfig[0m[2m:[0m Skipping font 'Nimbus Sans Narrow Regular' because it's not a TTF (it doesn't have a name)
[2m2026-09-20T17:55:01.591181Z[0m [32m INFO[0m [2mruffle_desktop::backends::ui::fontconfig[0m[2m:[0m Skipping font 'Nimbus Mono PS Regular' because it's not a TTF (it doesn't have a name)
[2m2026-09-20T17:55:01.591184Z[0m [32m INFO[0m [2mruffle_desktop::backends::ui::fontconfig[0m[2m:[0m Skipping font 'Nimbus Sans Regular' because it's not a TTF (it doesn't have a name)
[2m2026-09-20T17:55:01.591188Z[0m [32m INFO[0m [2mruffle_desktop::backends::ui::fontconfig[0m[2m:[0m Skipping font 'Nimbus Sans Narrow Regular' because it's not a TTF (it doesn't have a name)
[2m2026-09-20T17:55:01.591191Z[0m [32m INFO[0m [2mruffle_desktop::backends::ui::fontconfig[0m[2m:[0m Skipping font 'D050000L Regular' because it's not a TTF (it doesn't have a name)
[2m2026-09-20T17:55:01.591193Z[0m [32m INFO[0m [2mruffle_desktop::backends::ui::fontconfig[0m[2m:[0m Skipping font 'D050000L Regular' because it's not a TTF (it doesn't have a name)
[2m2026-09-20T17:55:01.591264Z[0m [32m INFO[0m [2mruffle_desktop::backends::ui::fontconfig[0m[2m:[0m Skipping font 'NimbusSansNarrow-Regular' because it's not a TTF (it doesn't have a name)
[2m2026-09-20T17:55:01.591276Z[0m [32m INFO[0m [2mruffle_desktop::backends::ui::fontconfig[0m[2m:[0m Skipping font 'URW Gothic Book' because it's not a TTF (it doesn't have a name)
[2m2026-09-20T17:55:01.591279Z[0m [32m INFO[0m [2mruffle_desktop::backends::ui::fontconfig[0m[2m:[0m Skipping font 'URW Gothic Book' because it's not a TTF (it doesn't have a name)
[2m2026-09-20T17:55:01.591518Z[0m [32m INFO[0m [2mruffle_desktop::backends::ui::fontconfig[0m[2m:[0m Skipping font 'URWGothic-Demi' because it's not a TTF (it doesn't have a name)
[2m2026-09-20T17:55:01.591529Z[0m [32m INFO[0m [2mruffle_desktop::backends::ui::fontconfig[0m[2m:[0m Skipping font 'URW Gothic Demi' because it's not a TTF (it doesn't have a name)
[2m2026-09-20T17:55:01.591533Z[0m [32m INFO[0m [2mruffle_desktop::backends::ui::fontconfig[0m[2m:[0m Skipping font 'URW Gothic Demi' because it's not a TTF (it doesn't have a name)
[2m2026-09-20T17:55:01.591807Z[0m [32m INFO[0m [2mruffle_desktop::backends::ui::fontconfig[0m[2m:[0m Skipping font 'Noto Sans CJK JP Bold' because it's not a TTF (it doesn't have a name)
[2m2026-09-20T17:55:01.591820Z[0m [32m INFO[0m [2mruffle_desktop::backends::ui::fontconfig[0m[2m:[0m Skipping font 'Noto Sans CJK KR Bold' because it's not a TTF (it doesn't have a name)
[2m2026-09-20T17:55:01.591823Z[0m [32m INFO[0m [2mruffle_desktop::backends::ui::fontconfig[0m[2m:[0m Skipping font 'Noto Sans CJK SC Bold' because it's not a TTF (it doesn't have a name)
[2m2026-09-20T17:55:01.591825Z[0m [32m INFO[0m [2mruffle_desktop::backends::ui::fontconfig[0m[2m:[0m Skipping font 'Noto Sans CJK TC Bold' because it's not a TTF (it doesn't have a name)
[2m2026-09-20T17:55:01.591828Z[0m [32m INFO[0m [2mruffle_desktop::backends::ui::fontconfig[0m[2m:[0m Skipping font 'Noto Sans CJK HK Bold' because it's not a TTF (it doesn't have a name)
[2m2026-09-20T17:55:01.591831Z[0m [32m INFO[0m [2mruffle_desktop::backends::ui::fontconfig[0m[2m:[0m Skipping font 'Noto Sans Mono CJK JP Bold' because it's not a TTF (it doesn't have a name)
[2m2026-09-20T17:55:01.591834Z[0m [32m INFO[0m [2mruffle_desktop::backends::ui::fontconfig[0m[2m:[0m Skipping font 'Noto Sans Mono CJK KR Bold' because it's not a TTF (it doesn't have a name)
[2m2026-09-20T17:55:01.591837Z[0m [32m INFO[0m [2mruffle_desktop::backends::ui::fontconfig[0m[2m:[0m Skipping font 'Noto Sans Mono CJK SC Bold' because it's not a TTF (it doesn't have a name)
[2m2026-09-20T17:55:01.591840Z[0m [32m INFO[0m [2mruffle_desktop::backends::ui::fontconfig[0m[2m:[0m Skipping font 'Noto Sans Mono CJK TC Bold' because it's not a TTF (it doesn't have a name)
[2m2026-09-20T17:55:01.591842Z[0m [32m INFO[0m [2mruffle_desktop::backends::ui::fontconfig[0m[2m:[0m Skipping font 'Noto Sans Mono CJK HK Bold' because it's not a TTF (it doesn't have a name)
[2m2026-09-20T17:55:01.591845Z[0m [32m INFO[0m [2mruffle_desktop::backends::ui::fontconfig[0m[2m:[0m Skipping font 'Noto Serif CJK JP Bold' because it's not a TTF (it doesn't have a name)
[2m2026-09-20T17:55:01.591848Z[0m [32m INFO[0m [2mruffle_desktop::backends::ui::fontconfig[0m[2m:[0m Skipping font 'Noto Serif CJK KR Bold' because it's not a TTF (it doesn't have a name)
[2m2026-09-20T17:55:01.591851Z[0m [32m INFO[0m [2mruffle_desktop::backends::ui::fontconfig[0m[2m:[0m Skipping font 'Noto Serif CJK SC Bold' because it's not a TTF (it doesn't have a name)
[2m2026-09-20T17:55:01.591853Z[0m [32m INFO[0m [2mruffle_desktop::backends::ui::fontconfig[0m[2m:[0m Skipping font 'Noto Serif CJK TC Bold' because it's not a TTF (it doesn't have a name)
[2m2026-09-20T17:55:01.591856Z[0m [32m INFO[0m [2mruffle_desktop::backends::ui::fontconfig[0m[2m:[0m Skipping font 'Noto Serif CJK HK Bold' because it's not a TTF (it doesn't have a name)
[2m2026-09-20T17:55:01.591858Z[0m [32m INFO[0m [2mruffle_desktop::backends::ui::fontconfig[0m[2m:[0m Skipping font 'NimbusMonoPS-Bold' because it's not a TTF (it doesn't have a name)
[2m2026-09-20T17:55:01.591861Z[0m [32m INFO[0m [2mruffle_desktop::backends::ui::fontconfig[0m[2m:[0m Skipping font 'NimbusSans-Bold' because it's not a TTF (it doesn't have a name)
[2m2026-09-20T17:55:01.591864Z[0m [32m INFO[0m [2mruffle_desktop::backends::ui::fontconfig[0m[2m:[0m Skipping font 'Nimbus Mono PS Bold' because it's not a TTF (it doesn't have a name)
[2m2026-09-20T17:55:01.591867Z[0m [32m INFO[0m [2mruffle_desktop::backends::ui::fontconfig[0m[2m:[0m Skipping font 'Nimbus Sans Bold' because it's not a TTF (it doesn't have a name)
[2m2026-09-20T17:55:01.591869Z[0m [32m INFO[0m [2mruffle_desktop::backends::ui::fontconfig[0m[2m:[0m Skipping font 'Nimbus Sans Narrow Bold' because it's not a TTF (it doesn't have a name)
[2m2026-09-20T17:55:01.591872Z[0m [32m INFO[0m [2mruffle_desktop::backends::ui::fontconfig[0m[2m:[0m Skipping font 'Nimbus Mono PS Bold' because it's not a TTF (it doesn't have a name)
[2m2026-09-20T17:55:01.591875Z[0m [32m INFO[0m [2mruffle_desktop::backends::ui::fontconfig[0m[2m:[0m Skipping font 'Nimbus Sans Bold' because it's not a TTF (it doesn't have a name)
[2m2026-09-20T17:55:01.591878Z[0m [32m INFO[0m [2mruffle_desktop::backends::ui::fontconfig[0m[2m:[0m Skipping font 'Nimbus Sans Narrow Bold' because it's not a TTF (it doesn't have a name)
[2m2026-09-20T17:55:01.591947Z[0m [32m INFO[0m [2mruffle_desktop::backends::ui::fontconfig[0m[2m:[0m Skipping font 'NimbusSansNarrow-Bold' because it's not a TTF (it doesn't have a name)
[2m2026-09-20T17:55:01.592178Z[0m [32m INFO[0m [2mruffle_desktop::backends::ui::fontconfig[0m[2m:[0m Skipping font 'NimbusSans-Italic' because it's not a TTF (it doesn't have a name)
[2m2026-09-20T17:55:01.592190Z[0m [32m INFO[0m [2mruffle_desktop::backends::ui::fontconfig[0m[2m:[0m Skipping font 'NimbusMonoPS-Italic' because it's not a TTF (it doesn't have a name)
[2m2026-09-20T17:55:01.592193Z[0m [32m INFO[0m [2mruffle_desktop::backends::ui::fontconfig[0m[2m:[0m Skipping font 'Nimbus Mono PS Italic' because it's not a TTF (it doesn't have a name)
[2m2026-09-20T17:55:01.592196Z[0m [32m INFO[0m [2mruffle_desktop::backends::ui::fontconfig[0m[2m:[0m Skipping font 'Nimbus Sans Italic' because it's not a TTF (it doesn't have a name)
[2m2026-09-20T17:55:01.592199Z[0m [32m INFO[0m [2mruffle_desktop::backends::ui::fontconfig[0m[2m:[0m Skipping font 'Nimbus Mono PS Italic' because it's not a TTF (it doesn't have a name)
[2m2026-09-20T17:55:01.592202Z[0m [32m INFO[0m [2mruffle_desktop::backends::ui::fontconfig[0m[2m:[0m Skipping font 'Nimbus Sans Italic' because it's not a TTF (it doesn't have a name)
[2m2026-09-20T17:55:01.592249Z[0m [32m INFO[0m [2mruffle_desktop::backends::ui::fontconfig[0m[2m:[0m Skipping font 'Z003-MediumItalic' because it's not a TTF (it doesn't have a name)
[2m2026-09-20T17:55:01.592259Z[0m [32m INFO[0m [2mruffle_desktop::backends::ui::fontconfig[0m[2m:[0m Skipping font 'Z003 Medium Italic' because it's not a TTF (it doesn't have a name)
[2m2026-09-20T17:55:01.592262Z[0m [32m INFO[0m [2mruffle_desktop::backends::ui::fontconfig[0m[2m:[0m Skipping font 'Z003 Medium Italic' because it's not a TTF (it doesn't have a name)
[2m2026-09-20T17:55:01.592541Z[0m [32m INFO[0m [2mruffle_desktop::backends::ui::fontconfig[0m[2m:[0m Skipping font 'NimbusSans-BoldItalic' because it's not a TTF (it doesn't have a name)
[2m2026-09-20T17:55:01.592553Z[0m [32m INFO[0m [2mruffle_desktop::backends::ui::fontconfig[0m[2m:[0m Skipping font 'NimbusMonoPS-BoldItalic' because it's not a TTF (it doesn't have a name)
[2m2026-09-20T17:55:01.592556Z[0m [32m INFO[0m [2mruffle_desktop::backends::ui::fontconfig[0m[2m:[0m Skipping font 'Nimbus Mono PS Bold Italic' because it's not a TTF (it doesn't have a name)
[2m2026-09-20T17:55:01.592559Z[0m [32m INFO[0m [2mruffle_desktop::backends::ui::fontconfig[0m[2m:[0m Skipping font 'Nimbus Sans Bold Italic' because it's not a TTF (it doesn't have a name)
[2m2026-09-20T17:55:01.592562Z[0m [32m INFO[0m [2mruffle_desktop::backends::ui::fontconfig[0m[2m:[0m Skipping font 'Nimbus Mono PS Bold Italic' because it's not a TTF (it doesn't have a name)
[2m2026-09-20T17:55:01.592565Z[0m [32m INFO[0m [2mruffle_desktop::backends::ui::fontconfig[0m[2m:[0m Skipping font 'Nimbus Sans Bold Italic' because it's not a TTF (it doesn't have a name)
[2m2026-09-20T17:55:01.592748Z[0m [32m INFO[0m [2mruffle_desktop::backends::ui::fontconfig[0m[2m:[0m Skipping font 'URWGothic-BookOblique' because it's not a TTF (it doesn't have a name)
[2m2026-09-20T17:55:01.592760Z[0m [32m INFO[0m [2mruffle_desktop::backends::ui::fontconfig[0m[2m:[0m Skipping font 'Nimbus Sans Narrow Oblique' because it's not a TTF (it doesn't have a name)
[2m2026-09-20T17:55:01.592763Z[0m [32m INFO[0m [2mruffle_desktop::backends::ui::fontconfig[0m[2m:[0m Skipping font 'Nimbus Sans Narrow Oblique' because it's not a TTF (it doesn't have a name)
[2m2026-09-20T17:55:01.592830Z[0m [32m INFO[0m [2mruffle_desktop::backends::ui::fontconfig[0m[2m:[0m Skipping font 'NimbusSansNarrow-Oblique' because it's not a TTF (it doesn't have a name)
[2m2026-09-20T17:55:01.592841Z[0m [32m INFO[0m [2mruffle_desktop::backends::ui::fontconfig[0m[2m:[0m Skipping font 'URW Gothic Book Oblique' because it's not a TTF (it doesn't have a name)
[2m2026-09-20T17:55:01.592844Z[0m [32m INFO[0m [2mruffle_desktop::backends::ui::fontconfig[0m[2m:[0m Skipping font 'URW Gothic Book Oblique' because it's not a TTF (it doesn't have a name)
[2m2026-09-20T17:55:01.592846Z[0m [32m INFO[0m [2mruffle_desktop::backends::ui::fontconfig[0m[2m:[0m Skipping font 'URWGothic-DemiOblique' because it's not a TTF (it doesn't have a name)
[2m2026-09-20T17:55:01.592849Z[0m [32m INFO[0m [2mruffle_desktop::backends::ui::fontconfig[0m[2m:[0m Skipping font 'URW Gothic Demi Oblique' because it's not a TTF (it doesn't have a name)
[2m2026-09-20T17:55:01.592852Z[0m [32m INFO[0m [2mruffle_desktop::backends::ui::fontconfig[0m[2m:[0m Skipping font 'URW Gothic Demi Oblique' because it's not a TTF (it doesn't have a name)
[2m2026-09-20T17:55:01.592957Z[0m [32m INFO[0m [2mruffle_desktop::backends::ui::fontconfig[0m[2m:[0m Skipping font 'Nimbus Sans Narrow Bold Oblique' because it's not a TTF (it doesn't have a name)
[2m2026-09-20T17:55:01.592968Z[0m [32m INFO[0m [2mruffle_desktop::backends::ui::fontconfig[0m[2m:[0m Skipping font 'Nimbus Sans Narrow Bold Oblique' because it's not a TTF (it doesn't have a name)
[2m2026-09-20T17:55:01.593032Z[0m [32m INFO[0m [2mruffle_desktop::backends::ui::fontconfig[0m[2m:[0m Skipping font 'NimbusSansNarrow-BoldOblique' because it's not a TTF (it doesn't have a name)
[2m2026-09-20T17:55:01.626842Z[0m [31mERROR[0m [2mruffle_core::loader[0m[2m:[0m Error during movie loading of "file:///home/runner/work/ArenaHero/ArenaHero/gh-out/client/dll/FontDLL.swf": FetchError("No such file or directory (os error 2)")
[2m2026-09-20T17:55:01.626963Z[0m [32m INFO[0m [2mavm_trace[0m[2m:[0m [IOErrorEvent type="ioError" bubbles=false cancelable=false eventPhase=2 text="Movie loader error"]
